Archive member included to satisfy reference by file (symbol)

d:/ac6/plugins/fr.ac6.mcu.externaltools.arm-none.win32_1.17.0.201812190825/tools/compiler/bin/../lib/gcc/arm-none-eabi/7.3.1/thumb/v6-m\libgcc.a(_udivsi3.o)
                              StdPeriph_Driver/src/stm32f0xx_rcc.o (__aeabi_uidiv)
d:/ac6/plugins/fr.ac6.mcu.externaltools.arm-none.win32_1.17.0.201812190825/tools/compiler/bin/../lib/gcc/arm-none-eabi/7.3.1/thumb/v6-m\libgcc.a(_divsi3.o)
                              src/screen.o (__aeabi_idiv)
d:/ac6/plugins/fr.ac6.mcu.externaltools.arm-none.win32_1.17.0.201812190825/tools/compiler/bin/../lib/gcc/arm-none-eabi/7.3.1/thumb/v6-m\libgcc.a(_dvmd_tls.o)
                              d:/ac6/plugins/fr.ac6.mcu.externaltools.arm-none.win32_1.17.0.201812190825/tools/compiler/bin/../lib/gcc/arm-none-eabi/7.3.1/thumb/v6-m\libgcc.a(_udivsi3.o) (__aeabi_idiv0)
d:/ac6/plugins/fr.ac6.mcu.externaltools.arm-none.win32_1.17.0.201812190825/tools/compiler/bin/../lib/gcc/arm-none-eabi/7.3.1/../../../../arm-none-eabi/lib/thumb/v6-m\libc.a(lib_a-errno.o)
                              src/syscalls.o (__errno)
d:/ac6/plugins/fr.ac6.mcu.externaltools.arm-none.win32_1.17.0.201812190825/tools/compiler/bin/../lib/gcc/arm-none-eabi/7.3.1/../../../../arm-none-eabi/lib/thumb/v6-m\libc.a(lib_a-exit.o)
                              d:/ac6/plugins/fr.ac6.mcu.externaltools.arm-none.win32_1.17.0.201812190825/tools/compiler/bin/../lib/gcc/arm-none-eabi/7.3.1/../../../../arm-none-eabi/lib/thumb/v6-m/crt0.o (exit)
d:/ac6/plugins/fr.ac6.mcu.externaltools.arm-none.win32_1.17.0.201812190825/tools/compiler/bin/../lib/gcc/arm-none-eabi/7.3.1/../../../../arm-none-eabi/lib/thumb/v6-m\libc.a(lib_a-fflush.o)
                              src/snake.o (fflush)
d:/ac6/plugins/fr.ac6.mcu.externaltools.arm-none.win32_1.17.0.201812190825/tools/compiler/bin/../lib/gcc/arm-none-eabi/7.3.1/../../../../arm-none-eabi/lib/thumb/v6-m\libc.a(lib_a-fgets.o)
                              src/snake.o (fgets)
d:/ac6/plugins/fr.ac6.mcu.externaltools.arm-none.win32_1.17.0.201812190825/tools/compiler/bin/../lib/gcc/arm-none-eabi/7.3.1/../../../../arm-none-eabi/lib/thumb/v6-m\libc.a(lib_a-findfp.o)
                              d:/ac6/plugins/fr.ac6.mcu.externaltools.arm-none.win32_1.17.0.201812190825/tools/compiler/bin/../lib/gcc/arm-none-eabi/7.3.1/../../../../arm-none-eabi/lib/thumb/v6-m\libc.a(lib_a-fflush.o) (__sinit)
d:/ac6/plugins/fr.ac6.mcu.externaltools.arm-none.win32_1.17.0.201812190825/tools/compiler/bin/../lib/gcc/arm-none-eabi/7.3.1/../../../../arm-none-eabi/lib/thumb/v6-m\libc.a(lib_a-freer.o)
                              d:/ac6/plugins/fr.ac6.mcu.externaltools.arm-none.win32_1.17.0.201812190825/tools/compiler/bin/../lib/gcc/arm-none-eabi/7.3.1/../../../../arm-none-eabi/lib/thumb/v6-m\libc.a(lib_a-fflush.o) (_free_r)
d:/ac6/plugins/fr.ac6.mcu.externaltools.arm-none.win32_1.17.0.201812190825/tools/compiler/bin/../lib/gcc/arm-none-eabi/7.3.1/../../../../arm-none-eabi/lib/thumb/v6-m\libc.a(lib_a-fwalk.o)
                              d:/ac6/plugins/fr.ac6.mcu.externaltools.arm-none.win32_1.17.0.201812190825/tools/compiler/bin/../lib/gcc/arm-none-eabi/7.3.1/../../../../arm-none-eabi/lib/thumb/v6-m\libc.a(lib_a-findfp.o) (_fwalk)
d:/ac6/plugins/fr.ac6.mcu.externaltools.arm-none.win32_1.17.0.201812190825/tools/compiler/bin/../lib/gcc/arm-none-eabi/7.3.1/../../../../arm-none-eabi/lib/thumb/v6-m\libc.a(lib_a-getchar.o)
                              src/snake.o (getchar)
d:/ac6/plugins/fr.ac6.mcu.externaltools.arm-none.win32_1.17.0.201812190825/tools/compiler/bin/../lib/gcc/arm-none-eabi/7.3.1/../../../../arm-none-eabi/lib/thumb/v6-m\libc.a(lib_a-impure.o)
                              d:/ac6/plugins/fr.ac6.mcu.externaltools.arm-none.win32_1.17.0.201812190825/tools/compiler/bin/../lib/gcc/arm-none-eabi/7.3.1/../../../../arm-none-eabi/lib/thumb/v6-m\libc.a(lib_a-exit.o) (_global_impure_ptr)
d:/ac6/plugins/fr.ac6.mcu.externaltools.arm-none.win32_1.17.0.201812190825/tools/compiler/bin/../lib/gcc/arm-none-eabi/7.3.1/../../../../arm-none-eabi/lib/thumb/v6-m\libc.a(lib_a-init.o)
                              d:/ac6/plugins/fr.ac6.mcu.externaltools.arm-none.win32_1.17.0.201812190825/tools/compiler/bin/../lib/gcc/arm-none-eabi/7.3.1/../../../../arm-none-eabi/lib/thumb/v6-m/crt0.o (__libc_init_array)
d:/ac6/plugins/fr.ac6.mcu.externaltools.arm-none.win32_1.17.0.201812190825/tools/compiler/bin/../lib/gcc/arm-none-eabi/7.3.1/../../../../arm-none-eabi/lib/thumb/v6-m\libc.a(lib_a-lock.o)
                              d:/ac6/plugins/fr.ac6.mcu.externaltools.arm-none.win32_1.17.0.201812190825/tools/compiler/bin/../lib/gcc/arm-none-eabi/7.3.1/../../../../arm-none-eabi/lib/thumb/v6-m\libc.a(lib_a-findfp.o) (__retarget_lock_init_recursive)
d:/ac6/plugins/fr.ac6.mcu.externaltools.arm-none.win32_1.17.0.201812190825/tools/compiler/bin/../lib/gcc/arm-none-eabi/7.3.1/../../../../arm-none-eabi/lib/thumb/v6-m\libc.a(lib_a-mallocr.o)
[...]
Memory Configuration

Name             Origin             Length             Attributes
FLASH            0x08000000         0x00010000         xr
RAM              0x20000000         0x00002000         xrw
*default*        0x00000000         0xffffffff

Linker script and memory map

LOAD d:/ac6/plugins/fr.ac6.mcu.externaltools.arm-none.win32_1.17.0.201812190825/tools/compiler/bin/../lib/gcc/arm-none-eabi/7.3.1/thumb/v6-m/crti.o
LOAD d:/ac6/plugins/fr.ac6.mcu.externaltools.arm-none.win32_1.17.0.201812190825/tools/compiler/bin/../lib/gcc/arm-none-eabi/7.3.1/thumb/v6-m/crtbegin.o
LOAD d:/ac6/plugins/fr.ac6.mcu.externaltools.arm-none.win32_1.17.0.201812190825/tools/compiler/bin/../lib/gcc/arm-none-eabi/7.3.1/../../../../arm-none-eabi/lib/thumb/v6-m/crt0.o
LOAD StdPeriph_Driver/src/stm32f0xx_adc.o
LOAD StdPeriph_Driver/src/stm32f0xx_cec.o
LOAD StdPeriph_Driver/src/stm32f0xx_comp.o
LOAD StdPeriph_Driver/src/stm32f0xx_crc.o
LOAD StdPeriph_Driver/src/stm32f0xx_dac.o
LOAD StdPeriph_Driver/src/stm32f0xx_dbgmcu.o
LOAD StdPeriph_Driver/src/stm32f0xx_dma.o
LOAD StdPeriph_Driver/src/stm32f0xx_exti.o
LOAD StdPeriph_Driver/src/stm32f0xx_flash.o
LOAD StdPeriph_Driver/src/stm32f0xx_gpio.o
LOAD StdPeriph_Driver/src/stm32f0xx_i2c.o
LOAD StdPeriph_Driver/src/stm32f0xx_iwdg.o
LOAD StdPeriph_Driver/src/stm32f0xx_misc.o
LOAD StdPeriph_Driver/src/stm32f0xx_pwr.o
LOAD StdPeriph_Driver/src/stm32f0xx_rcc.o
LOAD StdPeriph_Driver/src/stm32f0xx_rtc.o
LOAD StdPeriph_Driver/src/stm32f0xx_spi.o
LOAD StdPeriph_Driver/src/stm32f0xx_syscfg.o
LOAD StdPeriph_Driver/src/stm32f0xx_tim.o
LOAD StdPeriph_Driver/src/stm32f0xx_usart.o
LOAD StdPeriph_Driver/src/stm32f0xx_wwdg.o
LOAD Utilities/stm32f0_discovery.o
LOAD src/fifo.o
LOAD src/main.o
LOAD src/screen.o
LOAD src/snake.o
LOAD src/syscalls.o
LOAD src/system_stm32f0xx.o
LOAD src/tty.o
LOAD src/uart.o
LOAD startup/startup_stm32f0xx.o
LOAD d:/ac6/plugins/fr.ac6.mcu.externaltools.arm-none.win32_1.17.0.201812190825/tools/compiler/bin/../lib/gcc/arm-none-eabi/7.3.1/../../../../arm-none-eabi/lib/thumb/v6-m\libm.a
START GROUP
LOAD d:/ac6/plugins/fr.ac6.mcu.externaltools.arm-none.win32_1.17.0.201812190825/tools/compiler/bin/../lib/gcc/arm-none-eabi/7.3.1/thumb/v6-m\libgcc.a
LOAD d:/ac6/plugins/fr.ac6.mcu.externaltools.arm-none.win32_1.17.0.201812190825/tools/compiler/bin/../lib/gcc/arm-none-eabi/7.3.1/../../../../arm-none-eabi/lib/thumb/v6-m\libc.a
END GROUP
LOAD d:/ac6/plugins/fr.ac6.mcu.externaltools.arm-none.win32_1.17.0.201812190825/tools/compiler/bin/../lib/gcc/arm-none-eabi/7.3.1/thumb/v6-m/crtend.o
LOAD d:/ac6/plugins/fr.ac6.mcu.externaltools.arm-none.win32_1.17.0.201812190825/tools/compiler/bin/../lib/gcc/arm-none-eabi/7.3.1/thumb/v6-m/crtn.o
                0x20002000                _estack = 0x20002000
                0x00000000                _Min_Heap_Size = 0x0
                0x00000080                _Min_Stack_Size = 0x80

.isr_vector     0x08000000       0xc4
                0x08000000                . = ALIGN (0x4)
 *(.isr_vector)
 .isr_vector    0x08000000       0xc4 startup/startup_stm32f0xx.o
                0x08000000                g_pfnVectors
                0x080000c4                . = ALIGN (0x4)

.text           0x080000c8     0xa750
                0x080000c8                . = ALIGN (0x4)
 *(.text)
 .text          0x080000c8       0x48 d:/ac6/plugins/fr.ac6.mcu.externaltools.arm-none.win32_1.17.0.201812190825/tools/compiler/bin/../lib/gcc/arm-none-eabi/7.3.1/thumb/v6-m/crtbegin.o
 .text          0x08000110      0x114 d:/ac6/plugins/fr.ac6.mcu.externaltools.arm-none.win32_1.17.0.201812190825/tools/compiler/bin/../lib/gcc/arm-none-eabi/7.3.1/thumb/v6-m\libgcc.a(_udivsi3.o)
                0x08000110                __aeabi_uidiv
                0x08000110                __udivsi3
                0x0800021c                __aeabi_uidivmod
 .text          0x08000224      0x1d4 d:/ac6/plugins/fr.ac6.mcu.externaltools.arm-none.win32_1.17.0.201812190825/tools/compiler/bin/../lib/gcc/arm-none-eabi/7.3.1/thumb/v6-m\libgcc.a(_divsi3.o)
                0x08000224                __divsi3
                0x08000224                __aeabi_idiv
                0x080003f0                __aeabi_idivmod
 .text          0x080003f8        0x4 d:/ac6/plugins/fr.ac6.mcu.externaltools.arm-none.win32_1.17.0.201812190825/tools/compiler/bin/../lib/gcc/arm-none-eabi/7.3.1/thumb/v6-m\libgcc.a(_dvmd_tls.o)
                0x080003f8                __aeabi_idiv0
                0x080003f8                __aeabi_ldiv0
 .text          0x080003fc       0x7c d:/ac6/plugins/fr.ac6.mcu.externaltools.arm-none.win32_1.17.0.201812190825/tools/compiler/bin/../lib/gcc/arm-none-eabi/7.3.1/thumb/v6-m\libgcc.a(_arm_cmpdf2.o)
                0x080003fc                __aeabi_cdrcmple
                0x0800040c                __aeabi_cdcmple
                0x0800040c                __aeabi_cdcmpeq
                0x0800041c                __aeabi_dcmpeq
                0x08000428                __aeabi_dcmplt
                0x0800043c                __aeabi_dcmple
                0x08000450                __aeabi_dcmpgt
                0x08000464                __aeabi_dcmpge
 .text          0x08000478       0x40 d:/ac6/plugins/fr.ac6.mcu.externaltools.arm-none.win32_1.17.0.201812190825/tools/compiler/bin/../lib/gcc/arm-none-eabi/7.3.1/thumb/v6-m\libgcc.a(_aeabi_uldivmod.o)
                0x08000478                __aeabi_uldivmod
 .text          0x080004b8      0x184 d:/ac6/plugins/fr.ac6.mcu.externaltools.arm-none.win32_1.17.0.201812190825/tools/compiler/bin/../lib/gcc/arm-none-eabi/7.3.1/thumb/v6-m\libgcc.a(_udivmoddi4.o)
                0x080004b8                __udivmoddi4
 .text          0x0800063c      0x638 d:/ac6/plugins/fr.ac6.mcu.externaltools.arm-none.win32_1.17.0.201812190825/tools/compiler/bin/../lib/gcc/arm-none-eabi/7.3.1/thumb/v6-m\libgcc.a(adddf3.o)
                0x0800063c                __aeabi_dadd
 .text          0x08000c74      0x604 d:/ac6/plugins/fr.ac6.mcu.externaltools.arm-none.win32_1.17.0.201812190825/tools/compiler/bin/../lib/gcc/arm-none-eabi/7.3.1/thumb/v6-m\libgcc.a(divdf3.o)
                0x08000c74                __aeabi_ddiv
 .text          0x08001278       0x78 d:/ac6/plugins/fr.ac6.mcu.externaltools.arm-none.win32_1.17.0.201812190825/tools/compiler/bin/../lib/gcc/arm-none-eabi/7.3.1/thumb/v6-m\libgcc.a(eqdf2.o)
                0x08001278                __nedf2
                0x08001278                __eqdf2
 .text          0x080012f0       0xc8 d:/ac6/plugins/fr.ac6.mcu.externaltools.arm-none.win32_1.17.0.201812190825/tools/compiler/bin/../lib/gcc/arm-none-eabi/7.3.1/thumb/v6-m\libgcc.a(gedf2.o)
                0x080012f0                __gedf2
                0x080012f0                __gtdf2
 .text          0x080013b8       0xd0 d:/ac6/plugins/fr.ac6.mcu.externaltools.arm-none.win32_1.17.0.201812190825/tools/compiler/bin/../lib/gcc/arm-none-eabi/7.3.1/thumb/v6-m\libgcc.a(ledf2.o)
                0x080013b8                __ledf2
                0x080013b8                __ltdf2
 .text          0x08001488      0x4e4 d:/ac6/plugins/fr.ac6.mcu.externaltools.arm-none.win32_1.17.0.201812190825/tools/compiler/bin/../lib/gcc/arm-none-eabi/7.3.1/thumb/v6-m\libgcc.a(muldf3.o)
                0x08001488                __aeabi_dmul
 .text          0x0800196c      0x690 d:/ac6/plugins/fr.ac6.mcu.externaltools.arm-none.win32_1.17.0.201812190825/tools/compiler/bin/../lib/gcc/arm-none-eabi/7.3.1/thumb/v6-m\libgcc.a(subdf3.o)
                0x0800196c                __aeabi_dsub
 .text          0x08001ffc       0x38 d:/ac6/plugins/fr.ac6.mcu.externaltools.arm-none.win32_1.17.0.201812190825/tools/compiler/bin/../lib/gcc/arm-none-eabi/7.3.1/thumb/v6-m\libgcc.a(unorddf2.o)
                0x08001ffc                __aeabi_dcmpun
 .text          0x08002034       0x6c d:/ac6/plugins/fr.ac6.mcu.externaltools.arm-none.win32_1.17.0.201812190825/tools/compiler/bin/../lib/gcc/arm-none-eabi/7.3.1/thumb/v6-m\libgcc.a(fixdfsi.o)
                0x08002034                __aeabi_d2iz
 .text          0x080020a0       0x74 d:/ac6/plugins/fr.ac6.mcu.externaltools.arm-none.win32_1.17.0.201812190825/tools/compiler/bin/../lib/gcc/arm-none-eabi/7.3.1/thumb/v6-m\libgcc.a(floatsidf.o)
                0x080020a0                __aeabi_i2d
 .text          0x08002114       0x64 d:/ac6/plugins/fr.ac6.mcu.externaltools.arm-none.win32_1.17.0.201812190825/tools/compiler/bin/../lib/gcc/arm-none-eabi/7.3.1/thumb/v6-m\libgcc.a(floatunsidf.o)
                0x08002114                __aeabi_ui2d
 .text          0x08002178       0x3c d:/ac6/plugins/fr.ac6.mcu.externaltools.arm-none.win32_1.17.0.201812190825/tools/compiler/bin/../lib/gcc/arm-none-eabi/7.3.1/thumb/v6-m\libgcc.a(_clzsi2.o)
                0x08002178                __clzsi2
 .text          0x080021b4       0x18 d:/ac6/plugins/fr.ac6.mcu.externaltools.arm-none.win32_1.17.0.201812190825/tools/compiler/bin/../lib/gcc/arm-none-eabi/7.3.1/thumb/v6-m\libgcc.a(_clzdi2.o)
                0x080021b4                __clzdi2
 *(.text*)
 .text.GPIO_Init
                0x080021cc      0x126 StdPeriph_Driver/src/stm32f0xx_gpio.o
                0x080021cc                GPIO_Init
 .text.GPIO_PinAFConfig
                0x080022f2       0xa4 StdPeriph_Driver/src/stm32f0xx_gpio.o
                0x080022f2                GPIO_PinAFConfig
 *fill*         0x08002396        0x2 
 .text.RCC_GetClocksFreq
                0x08002398      0x1e8 StdPeriph_Driver/src/stm32f0xx_rcc.o
                0x08002398                RCC_GetClocksFreq
 .text.RCC_AHBPeriphClockCmd
                0x08002580       0x40 StdPeriph_Driver/src/stm32f0xx_rcc.o
                0x08002580                RCC_AHBPeriphClockCmd
 .text.RCC_APB2PeriphClockCmd
                0x080025c0       0x40 StdPeriph_Driver/src/stm32f0xx_rcc.o
                0x080025c0                RCC_APB2PeriphClockCmd
 .text.USART_Init
                0x08002600      0x180 StdPeriph_Driver/src/stm32f0xx_usart.o
                0x08002600                USART_Init
 .text.USART_Cmd
                0x08002780       0x3a StdPeriph_Driver/src/stm32f0xx_usart.o
                0x08002780                USART_Cmd
 .text.fifo_empty
                0x080027ba       0x2a src/fifo.o
                0x080027ba                fifo_empty
 .text.fifo_full
                0x080027e4       0x3c src/fifo.o
                0x080027e4                fifo_full
 .text.fifo_insert
                0x08002820       0x90 src/fifo.o
                0x08002820                fifo_insert
 .text.fifo_uninsert
                0x080028b0       0x8c src/fifo.o
                0x080028b0                fifo_uninsert
 .text.fifo_newline
                0x0800293c       0x3a src/fifo.o
                0x0800293c                fifo_newline
 .text.fifo_remove
                0x08002976       0x8c src/fifo.o
                0x08002976                fifo_remove
 *fill*         0x08002a02        0x2 
 .text.main     0x08002a04       0x78 src/main.o
                0x08002a04                main
 .text._read    0x08002a7c       0x3a src/syscalls.o
                0x08002a7c                _read
 .text._write   0x08002ab6       0x38 src/syscalls.o
                0x08002ab6                _write
 *fill*         0x08002aee        0x2 
 .text._sbrk    0x08002af0       0x58 src/syscalls.o
                0x08002af0                _sbrk
 .text._close   0x08002b48       0x14 src/syscalls.o
                0x08002b48                _close
 .text._fstat   0x08002b5c       0x1c src/syscalls.o
                0x08002b5c                _fstat
 .text._isatty  0x08002b78       0x12 src/syscalls.o
                0x08002b78                _isatty
 .text._lseek   0x08002b8a       0x16 src/syscalls.o
                0x08002b8a                _lseek
 .text.SystemInit
                0x08002ba0       0x8c src/system_stm32f0xx.o
                0x08002ba0                SystemInit
 .text.SetSysClock
                0x08002c2c       0x94 src/system_stm32f0xx.o
 .text.safe_printf
                0x08002cc0       0x78 src/tty.o
 .text.putstr   0x08002d38       0x28 src/tty.o
 .text.insert_echo_char
                0x08002d60      0x11c src/tty.o
 .text.putchar_nonirq
                0x08002e7c       0x44 src/tty.o
 .text.getchar_nonirq
                0x08002ec0       0x68 src/tty.o
 .text.USART1_IRQHandler
                0x08002f28       0x7c src/tty.o
                0x08002f28                USART1_IRQHandler
 .text.getchar_irq
                0x08002fa4       0x34 src/tty.o
 .text.putchar_irq
                0x08002fd8       0x90 src/tty.o
 .text.__io_putchar
                0x08003068       0x34 src/tty.o
                0x08003068                __io_putchar
 .text.__io_getchar
                0x0800309c       0x24 src/tty.o
                0x0800309c                __io_getchar
 .text.USART_Configuration
                0x080030c0       0xd8 src/uart.o
                0x080030c0                USART_Configuration
 .text.UART_Recive
                0x08003198       0x24 src/uart.o
                0x08003198                UART_Recive
 .text.Reset_Handler
                0x080031bc       0x50 startup/startup_stm32f0xx.o
                0x080031bc                Reset_Handler
 .text.Default_Handler
                0x0800320c        0x2 startup/startup_stm32f0xx.o
                0x0800320c                TIM1_CC_IRQHandler
                0x0800320c                HardFault_Handler
                0x0800320c                ADC1_COMP_IRQHandler
                0x0800320c                SysTick_Handler
                0x0800320c                PVD_IRQHandler
                0x0800320c                PendSV_Handler
                0x0800320c                NMI_Handler
                0x0800320c                I2C1_IRQHandler
                0x0800320c                SPI1_IRQHandler
                0x0800320c                TIM6_DAC_IRQHandler
                0x0800320c                EXTI2_3_IRQHandler
                0x0800320c                I2C2_IRQHandler
                0x0800320c                TIM17_IRQHandler
                0x0800320c                RTC_IRQHandler
                0x0800320c                TIM16_IRQHandler
                0x0800320c                TIM3_IRQHandler
                0x0800320c                EXTI4_15_IRQHandler
                0x0800320c                RCC_IRQHandler
                0x0800320c                DMA1_Channel1_IRQHandler
                0x0800320c                Default_Handler
                0x0800320c                CEC_IRQHandler
                0x0800320c                TIM14_IRQHandler
                0x0800320c                DMA1_Channel4_5_IRQHandler
                0x0800320c                TIM15_IRQHandler
                0x0800320c                EXTI0_1_IRQHandler
                0x0800320c                SPI2_IRQHandler
                0x0800320c                SVC_Handler
                0x0800320c                TS_IRQHandler
                0x0800320c                WWDG_IRQHandler
                0x0800320c                TIM2_IRQHandler
                0x0800320c                DMA1_Channel2_3_IRQHandler
                0x0800320c                USART2_IRQHandler
                0x0800320c                FLASH_IRQHandler
                0x0800320c                TIM1_BRK_UP_TRG_COM_IRQHandler
 *fill*         0x0800320e        0x2 
 .text.__errno  0x08003210        0xc d:/ac6/plugins/fr.ac6.mcu.externaltools.arm-none.win32_1.17.0.201812190825/tools/compiler/bin/../lib/gcc/arm-none-eabi/7.3.1/../../../../arm-none-eabi/lib/thumb/v6-m\libc.a(lib_a-errno.o)
                0x08003210                __errno
 .text.__sflush_r
                0x0800321c      0x150 d:/ac6/plugins/fr.ac6.mcu.externaltools.arm-none.win32_1.17.0.201812190825/tools/compiler/bin/../lib/gcc/arm-none-eabi/7.3.1/../../../../arm-none-eabi/lib/thumb/v6-m\libc.a(lib_a-fflush.o)
                0x0800321c                __sflush_r
 .text._fflush_r
                0x0800336c       0x54 d:/ac6/plugins/fr.ac6.mcu.externaltools.arm-none.win32_1.17.0.201812190825/tools/compiler/bin/../lib/gcc/arm-none-eabi/7.3.1/../../../../arm-none-eabi/lib/thumb/v6-m\libc.a(lib_a-fflush.o)
                0x0800336c                _fflush_r
 .text.std      0x080033c0       0x50 d:/ac6/plugins/fr.ac6.mcu.externaltools.arm-none.win32_1.17.0.201812190825/tools/compiler/bin/../lib/gcc/arm-none-eabi/7.3.1/../../../../arm-none-eabi/lib/thumb/v6-m\libc.a(lib_a-findfp.o)
 .text._cleanup_r
                0x08003410       0x10 d:/ac6/plugins/fr.ac6.mcu.externaltools.arm-none.win32_1.17.0.201812190825/tools/compiler/bin/../lib/gcc/arm-none-eabi/7.3.1/../../../../arm-none-eabi/lib/thumb/v6-m\libc.a(lib_a-findfp.o)
                0x08003410                _cleanup_r
 .text.__sinit  0x08003420       0x60 d:/ac6/plugins/fr.ac6.mcu.externaltools.arm-none.win32_1.17.0.201812190825/tools/compiler/bin/../lib/gcc/arm-none-eabi/7.3.1/../../../../arm-none-eabi/lib/thumb/v6-m\libc.a(lib_a-findfp.o)
                0x08003420                __sinit
 .text.__sfp_lock_acquire
                0x08003480       0x10 d:/ac6/plugins/fr.ac6.mcu.externaltools.arm-none.win32_1.17.0.201812190825/tools/compiler/bin/../lib/gcc/arm-none-eabi/7.3.1/../../../../arm-none-eabi/lib/thumb/v6-m\libc.a(lib_a-findfp.o)
                0x08003480                __sfp_lock_acquire
 .text.__sfp_lock_release
                0x08003490       0x10 d:/ac6/plugins/fr.ac6.mcu.externaltools.arm-none.win32_1.17.0.201812190825/tools/compiler/bin/../lib/gcc/arm-none-eabi/7.3.1/../../../../arm-none-eabi/lib/thumb/v6-m\libc.a(lib_a-findfp.o)
                0x08003490                __sfp_lock_release
 .text._malloc_trim_r
                0x080034a0       0xa0 d:/ac6/plugins/fr.ac6.mcu.externaltools.arm-none.win32_1.17.0.201812190825/tools/compiler/bin/../lib/gcc/arm-none-eabi/7.3.1/../../../../arm-none-eabi/lib/thumb/v6-m\libc.a(lib_a-freer.o)
                0x080034a0                _malloc_trim_r
 .text._free_r  0x08003540      0x1d4 d:/ac6/plugins/fr.ac6.mcu.externaltools.arm-none.win32_1.17.0.201812190825/tools/compiler/bin/../lib/gcc/arm-none-eabi/7.3.1/../../../../arm-none-eabi/lib/thumb/v6-m\libc.a(lib_a-freer.o)
                0x08003540                _free_r
 .text._fwalk_reent
                0x08003714       0x4c d:/ac6/plugins/fr.ac6.mcu.externaltools.arm-none.win32_1.17.0.201812190825/tools/compiler/bin/../lib/gcc/arm-none-eabi/7.3.1/../../../../arm-none-eabi/lib/thumb/v6-m\libc.a(lib_a-fwalk.o)
                0x08003714                _fwalk_reent
 .text.__libc_init_array
                0x08003760       0x48 d:/ac6/plugins/fr.ac6.mcu.externaltools.arm-none.win32_1.17.0.201812190825/tools/compiler/bin/../lib/gcc/arm-none-eabi/7.3.1/../../../../arm-none-eabi/lib/thumb/v6-m\libc.a(lib_a-init.o)
                0x08003760                __libc_init_array
 .text.__retarget_lock_init_recursive
                0x080037a8        0x4 d:/ac6/plugins/fr.ac6.mcu.externaltools.arm-none.win32_1.17.0.201812190825/tools/compiler/bin/../lib/gcc/arm-none-eabi/7.3.1/../../../../arm-none-eabi/lib/thumb/v6-m\libc.a(lib_a-lock.o)
                0x080037a8                __retarget_lock_init_recursive
 .text.__retarget_lock_close_recursive
                0x080037ac        0x4 d:/ac6/plugins/fr.ac6.mcu.externaltools.arm-none.win32_1.17.0.201812190825/tools/compiler/bin/../lib/gcc/arm-none-eabi/7.3.1/../../../../arm-none-eabi/lib/thumb/v6-m\libc.a(lib_a-lock.o)
                0x080037ac                __retarget_lock_close_recursive
 .text.__retarget_lock_acquire_recursive
                0x080037b0        0x4 d:/ac6/plugins/fr.ac6.mcu.externaltools.arm-none.win32_1.17.0.201812190825/tools/compiler/bin/../lib/gcc/arm-none-eabi/7.3.1/../../../../arm-none-eabi/lib/thumb/v6-m\libc.a(lib_a-lock.o)
                0x080037b0                __retarget_lock_acquire_recursive
 .text.__retarget_lock_release_recursive
                0x080037b4        0x4 d:/ac6/plugins/fr.ac6.mcu.externaltools.arm-none.win32_1.17.0.201812190825/tools/compiler/bin/../lib/gcc/arm-none-eabi/7.3.1/../../../../arm-none-eabi/lib/thumb/v6-m\libc.a(lib_a-lock.o)
                0x080037b4                __retarget_lock_release_recursive
 .text._malloc_r
                0x080037b8      0x554 d:/ac6/plugins/fr.ac6.mcu.externaltools.arm-none.win32_1.17.0.201812190825/tools/compiler/bin/../lib/gcc/arm-none-eabi/7.3.1/../../../../arm-none-eabi/lib/thumb/v6-m\libc.a(lib_a-mallocr.o)
                0x080037b8                _malloc_r
 .text.memchr   0x08003d0c       0x80 d:/ac6/plugins/fr.ac6.mcu.externaltools.arm-none.win32_1.17.0.201812190825/tools/compiler/bin/../lib/gcc/arm-none-eabi/7.3.1/../../../../arm-none-eabi/lib/thumb/v6-m\libc.a(lib_a-memchr-stub.o)
                0x08003d0c                memchr
 .text.memcpy   0x08003d8c       0x88 d:/ac6/plugins/fr.ac6.mcu.externaltools.arm-none.win32_1.17.0.201812190825/tools/compiler/bin/../lib/gcc/arm-none-eabi/7.3.1/../../../../arm-none-eabi/lib/thumb/v6-m\libc.a(lib_a-memcpy-stub.o)
                0x08003d8c                memcpy
 .text.memset   0x08003e14       0x9c d:/ac6/plugins/fr.ac6.mcu.externaltools.arm-none.win32_1.17.0.201812190825/tools/compiler/bin/../lib/gcc/arm-none-eabi/7.3.1/../../../../arm-none-eabi/lib/thumb/v6-m\libc.a(lib_a-memset.o)
                0x08003e14                memset
 .text.__malloc_lock
                0x08003eb0       0x10 d:/ac6/plugins/fr.ac6.mcu.externaltools.arm-none.win32_1.17.0.201812190825/tools/compiler/bin/../lib/gcc/arm-none-eabi/7.3.1/../../../../arm-none-eabi/lib/thumb/v6-m\libc.a(lib_a-mlock.o)
                0x08003eb0                __malloc_lock
 .text.__malloc_unlock
                0x08003ec0       0x10 d:/ac6/plugins/fr.ac6.mcu.externaltools.arm-none.win32_1.17.0.201812190825/tools/compiler/bin/../lib/gcc/arm-none-eabi/7.3.1/../../../../arm-none-eabi/lib/thumb/v6-m\libc.a(lib_a-mlock.o)
                0x08003ec0                __malloc_unlock
 .text.printf   0x08003ed0       0x24 d:/ac6/plugins/fr.ac6.mcu.externaltools.arm-none.win32_1.17.0.201812190825/tools/compiler/bin/../lib/gcc/arm-none-eabi/7.3.1/../../../../arm-none-eabi/lib/thumb/v6-m\libc.a(lib_a-printf.o)
                0x08003ed0                printf
 .text._sbrk_r  0x08003ef4       0x24 d:/ac6/plugins/fr.ac6.mcu.externaltools.arm-none.win32_1.17.0.201812190825/tools/compiler/bin/../lib/gcc/arm-none-eabi/7.3.1/../../../../arm-none-eabi/lib/thumb/v6-m\libc.a(lib_a-sbrkr.o)
                0x08003ef4                _sbrk_r
 .text.__sread  0x08003f18       0x28 d:/ac6/plugins/fr.ac6.mcu.externaltools.arm-none.win32_1.17.0.201812190825/tools/compiler/bin/../lib/gcc/arm-none-eabi/7.3.1/../../../../arm-none-eabi/lib/thumb/v6-m\libc.a(lib_a-stdio.o)
                0x08003f18                __sread
 .text.__swrite
                0x08003f40       0x3c d:/ac6/plugins/fr.ac6.mcu.externaltools.arm-none.win32_1.17.0.201812190825/tools/compiler/bin/../lib/gcc/arm-none-eabi/7.3.1/../../../../arm-none-eabi/lib/thumb/v6-m\libc.a(lib_a-stdio.o)
                0x08003f40                __swrite
 .text.__sseek  0x08003f7c       0x2c d:/ac6/plugins/fr.ac6.mcu.externaltools.arm-none.win32_1.17.0.201812190825/tools/compiler/bin/../lib/gcc/arm-none-eabi/7.3.1/../../../../arm-none-eabi/lib/thumb/v6-m\libc.a(lib_a-stdio.o)
                0x08003f7c                __sseek
 .text.__sclose
                0x08003fa8        0xc d:/ac6/plugins/fr.ac6.mcu.externaltools.arm-none.win32_1.17.0.201812190825/tools/compiler/bin/../lib/gcc/arm-none-eabi/7.3.1/../../../../arm-none-eabi/lib/thumb/v6-m\libc.a(lib_a-stdio.o)
                0x08003fa8                __sclose
 .text.strlen   0x08003fb4       0x64 d:/ac6/plugins/fr.ac6.mcu.externaltools.arm-none.win32_1.17.0.201812190825/tools/compiler/bin/../lib/gcc/arm-none-eabi/7.3.1/../../../../arm-none-eabi/lib/thumb/v6-m\libc.a(lib_a-strlen-stub.o)
                0x08003fb4                strlen
 .text._svfprintf_r
                0x08004018     0x1b6c d:/ac6/plugins/fr.ac6.mcu.externaltools.arm-none.win32_1.17.0.201812190825/tools/compiler/bin/../lib/gcc/arm-none-eabi/7.3.1/../../../../arm-none-eabi/lib/thumb/v6-m\libc.a(lib_a-svfprintf.o)
                0x08004018                _svfprintf_r
 .text._vfprintf_r
                0x08005b84     0x1c10 d:/ac6/plugins/fr.ac6.mcu.externaltools.arm-none.win32_1.17.0.201812190825/tools/compiler/bin/../lib/gcc/arm-none-eabi/7.3.1/../../../../arm-none-eabi/lib/thumb/v6-m\libc.a(lib_a-vfprintf.o)
                0x08005b84                _vfprintf_r
 .text.__sbprintf
                0x08007794       0x88 d:/ac6/plugins/fr.ac6.mcu.externaltools.arm-none.win32_1.17.0.201812190825/tools/compiler/bin/../lib/gcc/arm-none-eabi/7.3.1/../../../../arm-none-eabi/lib/thumb/v6-m\libc.a(lib_a-vfprintf.o)
 .text._vsnprintf_r
                0x0800781c       0x74 d:/ac6/plugins/fr.ac6.mcu.externaltools.arm-none.win32_1.17.0.201812190825/tools/compiler/bin/../lib/gcc/arm-none-eabi/7.3.1/../../../../arm-none-eabi/lib/thumb/v6-m\libc.a(lib_a-vsnprintf.o)
                0x0800781c                _vsnprintf_r
 .text.vsnprintf
                0x08007890       0x20 d:/ac6/plugins/fr.ac6.mcu.externaltools.arm-none.win32_1.17.0.201812190825/tools/compiler/bin/../lib/gcc/arm-none-eabi/7.3.1/../../../../arm-none-eabi/lib/thumb/v6-m\libc.a(lib_a-vsnprintf.o)
                0x08007890                vsnprintf
 .text._write_r
                0x080078b0       0x28 d:/ac6/plugins/fr.ac6.mcu.externaltools.arm-none.win32_1.17.0.201812190825/tools/compiler/bin/../lib/gcc/arm-none-eabi/7.3.1/../../../../arm-none-eabi/lib/thumb/v6-m\libc.a(lib_a-writer.o)
                0x080078b0                _write_r
 .text.__swsetup_r
                0x080078d8       0xd4 d:/ac6/plugins/fr.ac6.mcu.externaltools.arm-none.win32_1.17.0.201812190825/tools/compiler/bin/../lib/gcc/arm-none-eabi/7.3.1/../../../../arm-none-eabi/lib/thumb/v6-m\libc.a(lib_a-wsetup.o)
                0x080078d8                __swsetup_r
 .text.startup.register_fini
                0x080079ac       0x18 d:/ac6/plugins/fr.ac6.mcu.externaltools.arm-none.win32_1.17.0.201812190825/tools/compiler/bin/../lib/gcc/arm-none-eabi/7.3.1/../../../../arm-none-eabi/lib/thumb/v6-m\libc.a(lib_a-__call_atexit.o)
 .text.atexit   0x080079c4       0x10 d:/ac6/plugins/fr.ac6.mcu.externaltools.arm-none.win32_1.17.0.201812190825/tools/compiler/bin/../lib/gcc/arm-none-eabi/7.3.1/../../../../arm-none-eabi/lib/thumb/v6-m\libc.a(lib_a-atexit.o)
                0x080079c4                atexit
 .text._close_r
                0x080079d4       0x24 d:/ac6/plugins/fr.ac6.mcu.externaltools.arm-none.win32_1.17.0.201812190825/tools/compiler/bin/../lib/gcc/arm-none-eabi/7.3.1/../../../../arm-none-eabi/lib/thumb/v6-m\libc.a(lib_a-closer.o)
                0x080079d4                _close_r
 .text.quorem   0x080079f8      0x154 d:/ac6/plugins/fr.ac6.mcu.externaltools.arm-none.win32_1.17.0.201812190825/tools/compiler/bin/../lib/gcc/arm-none-eabi/7.3.1/../../../../arm-none-eabi/lib/thumb/v6-m\libc.a(lib_a-dtoa.o)
 .text._dtoa_r  0x08007b4c      0xf4c d:/ac6/plugins/fr.ac6.mcu.externaltools.arm-none.win32_1.17.0.201812190825/tools/compiler/bin/../lib/gcc/arm-none-eabi/7.3.1/../../../../arm-none-eabi/lib/thumb/v6-m\libc.a(lib_a-dtoa.o)
                0x08007b4c                _dtoa_r
 .text._fclose_r
                0x08008a98       0xd8 d:/ac6/plugins/fr.ac6.mcu.externaltools.arm-none.win32_1.17.0.201812190825/tools/compiler/bin/../lib/gcc/arm-none-eabi/7.3.1/../../../../arm-none-eabi/lib/thumb/v6-m\libc.a(lib_a-fclose.o)
                0x08008a98                _fclose_r
 .text.__libc_fini_array
                0x08008b70       0x34 d:/ac6/plugins/fr.ac6.mcu.externaltools.arm-none.win32_1.17.0.201812190825/tools/compiler/bin/../lib/gcc/arm-none-eabi/7.3.1/../../../../arm-none-eabi/lib/thumb/v6-m\libc.a(lib_a-fini.o)
                0x08008b70                __libc_fini_array
 .text._localeconv_r
                0x08008ba4       0x18 d:/ac6/plugins/fr.ac6.mcu.externaltools.arm-none.win32_1.17.0.201812190825/tools/compiler/bin/../lib/gcc/arm-none-eabi/7.3.1/../../../../arm-none-eabi/lib/thumb/v6-m\libc.a(lib_a-localeconv.o)
                0x08008ba4                _localeconv_r
 .text._lseek_r
                0x08008bbc       0x28 d:/ac6/plugins/fr.ac6.mcu.externaltools.arm-none.win32_1.17.0.201812190825/tools/compiler/bin/../lib/gcc/arm-none-eabi/7.3.1/../../../../arm-none-eabi/lib/thumb/v6-m\libc.a(lib_a-lseekr.o)
                0x08008bbc                _lseek_r
 .text.__swhatbuf_r
                0x08008be4       0x60 d:/ac6/plugins/fr.ac6.mcu.externaltools.arm-none.win32_1.17.0.201812190825/tools/compiler/bin/../lib/gcc/arm-none-eabi/7.3.1/../../../../arm-none-eabi/lib/thumb/v6-m\libc.a(lib_a-makebuf.o)
                0x08008be4                __swhatbuf_r
 .text.__smakebuf_r
                0x08008c44       0x90 d:/ac6/plugins/fr.ac6.mcu.externaltools.arm-none.win32_1.17.0.201812190825/tools/compiler/bin/../lib/gcc/arm-none-eabi/7.3.1/../../../../arm-none-eabi/lib/thumb/v6-m\libc.a(lib_a-makebuf.o)
                0x08008c44                __smakebuf_r
 .text.malloc   0x08008cd4       0x14 d:/ac6/plugins/fr.ac6.mcu.externaltools.arm-none.win32_1.17.0.201812190825/tools/compiler/bin/../lib/gcc/arm-none-eabi/7.3.1/../../../../arm-none-eabi/lib/thumb/v6-m\libc.a(lib_a-malloc.o)
                0x08008cd4                malloc
 .text._Balloc  0x08008ce8       0x50 d:/ac6/plugins/fr.ac6.mcu.externaltools.arm-none.win32_1.17.0.201812190825/tools/compiler/bin/../lib/gcc/arm-none-eabi/7.3.1/../../../../arm-none-eabi/lib/thumb/v6-m\libc.a(lib_a-mprec.o)
                0x08008ce8                _Balloc
 .text._Bfree   0x08008d38       0x14 d:/ac6/plugins/fr.ac6.mcu.externaltools.arm-none.win32_1.17.0.201812190825/tools/compiler/bin/../lib/gcc/arm-none-eabi/7.3.1/../../../../arm-none-eabi/lib/thumb/v6-m\libc.a(lib_a-mprec.o)
                0x08008d38                _Bfree
 .text.__multadd
                0x08008d4c       0x8c d:/ac6/plugins/fr.ac6.mcu.externaltools.arm-none.win32_1.17.0.201812190825/tools/compiler/bin/../lib/gcc/arm-none-eabi/7.3.1/../../../../arm-none-eabi/lib/thumb/v6-m\libc.a(lib_a-mprec.o)
                0x08008d4c                __multadd
 .text.__hi0bits
                0x08008dd8       0x38 d:/ac6/plugins/fr.ac6.mcu.externaltools.arm-none.win32_1.17.0.201812190825/tools/compiler/bin/../lib/gcc/arm-none-eabi/7.3.1/../../../../arm-none-eabi/lib/thumb/v6-m\libc.a(lib_a-mprec.o)
                0x08008dd8                __hi0bits
 .text.__lo0bits
                0x08008e10       0x5c d:/ac6/plugins/fr.ac6.mcu.externaltools.arm-none.win32_1.17.0.201812190825/tools/compiler/bin/../lib/gcc/arm-none-eabi/7.3.1/../../../../arm-none-eabi/lib/thumb/v6-m\libc.a(lib_a-mprec.o)
                0x08008e10                __lo0bits
 .text.__i2b    0x08008e6c       0x14 d:/ac6/plugins/fr.ac6.mcu.externaltools.arm-none.win32_1.17.0.201812190825/tools/compiler/bin/../lib/gcc/arm-none-eabi/7.3.1/../../../../arm-none-eabi/lib/thumb/v6-m\libc.a(lib_a-mprec.o)
                0x08008e6c                __i2b
 .text.__multiply
                0x08008e80      0x178 d:/ac6/plugins/fr.ac6.mcu.externaltools.arm-none.win32_1.17.0.201812190825/tools/compiler/bin/../lib/gcc/arm-none-eabi/7.3.1/../../../../arm-none-eabi/lib/thumb/v6-m\libc.a(lib_a-mprec.o)
                0x08008e80                __multiply
 .text.__pow5mult
                0x08008ff8       0xc0 d:/ac6/plugins/fr.ac6.mcu.externaltools.arm-none.win32_1.17.0.201812190825/tools/compiler/bin/../lib/gcc/arm-none-eabi/7.3.1/../../../../arm-none-eabi/lib/thumb/v6-m\libc.a(lib_a-mprec.o)
                0x08008ff8                __pow5mult
 .text.__lshift
                0x080090b8       0xc8 d:/ac6/plugins/fr.ac6.mcu.externaltools.arm-none.win32_1.17.0.201812190825/tools/compiler/bin/../lib/gcc/arm-none-eabi/7.3.1/../../../../arm-none-eabi/lib/thumb/v6-m\libc.a(lib_a-mprec.o)
                0x080090b8                __lshift
 .text.__mcmp   0x08009180       0x34 d:/ac6/plugins/fr.ac6.mcu.externaltools.arm-none.win32_1.17.0.201812190825/tools/compiler/bin/../lib/gcc/arm-none-eabi/7.3.1/../../../../arm-none-eabi/lib/thumb/v6-m\libc.a(lib_a-mprec.o)
                0x08009180                __mcmp
 .text.__mdiff  0x080091b4      0x124 d:/ac6/plugins/fr.ac6.mcu.externaltools.arm-none.win32_1.17.0.201812190825/tools/compiler/bin/../lib/gcc/arm-none-eabi/7.3.1/../../../../arm-none-eabi/lib/thumb/v6-m\libc.a(lib_a-mprec.o)
                0x080091b4                __mdiff
 .text.__d2b    0x080092d8       0xbc d:/ac6/plugins/fr.ac6.mcu.externaltools.arm-none.win32_1.17.0.201812190825/tools/compiler/bin/../lib/gcc/arm-none-eabi/7.3.1/../../../../arm-none-eabi/lib/thumb/v6-m\libc.a(lib_a-mprec.o)
                0x080092d8                __d2b
 .text._read_r  0x08009394       0x28 d:/ac6/plugins/fr.ac6.mcu.externaltools.arm-none.win32_1.17.0.201812190825/tools/compiler/bin/../lib/gcc/arm-none-eabi/7.3.1/../../../../arm-none-eabi/lib/thumb/v6-m\libc.a(lib_a-readr.o)
                0x08009394                _read_r
 .text.frexp    0x080093bc       0x64 d:/ac6/plugins/fr.ac6.mcu.externaltools.arm-none.win32_1.17.0.201812190825/tools/compiler/bin/../lib/gcc/arm-none-eabi/7.3.1/../../../../arm-none-eabi/lib/thumb/v6-m\libc.a(lib_a-s_frexp.o)
                0x080093bc                frexp
 .text.strncpy  0x08009420       0x8c d:/ac6/plugins/fr.ac6.mcu.externaltools.arm-none.win32_1.17.0.201812190825/tools/compiler/bin/../lib/gcc/arm-none-eabi/7.3.1/../../../../arm-none-eabi/lib/thumb/v6-m\libc.a(lib_a-strncpy.o)
                0x08009420                strncpy
 .text.__ssprint_r
                0x080094ac      0x118 d:/ac6/plugins/fr.ac6.mcu.externaltools.arm-none.win32_1.17.0.201812190825/tools/compiler/bin/../lib/gcc/arm-none-eabi/7.3.1/../../../../arm-none-eabi/lib/thumb/v6-m\libc.a(lib_a-svfiprintf.o)
                0x080094ac                __ssprint_r
 .text.__sprint_r.part.0
                0x080095c4       0x80 d:/ac6/plugins/fr.ac6.mcu.externaltools.arm-none.win32_1.17.0.201812190825/tools/compiler/bin/../lib/gcc/arm-none-eabi/7.3.1/../../../../arm-none-eabi/lib/thumb/v6-m\libc.a(lib_a-vfiprintf.o)
 .text.__sprint_r
                0x08009644       0x14 d:/ac6/plugins/fr.ac6.mcu.externaltools.arm-none.win32_1.17.0.201812190825/tools/compiler/bin/../lib/gcc/arm-none-eabi/7.3.1/../../../../arm-none-eabi/lib/thumb/v6-m\libc.a(lib_a-vfiprintf.o)
                0x08009644                __sprint_r
 .text.__swbuf_r
                0x08009658       0xc8 d:/ac6/plugins/fr.ac6.mcu.externaltools.arm-none.win32_1.17.0.201812190825/tools/compiler/bin/../lib/gcc/arm-none-eabi/7.3.1/../../../../arm-none-eabi/lib/thumb/v6-m\libc.a(lib_a-wbuf.o)
                0x08009658                __swbuf_r
 .text.__register_exitproc
                0x08009720       0xf4 d:/ac6/plugins/fr.ac6.mcu.externaltools.arm-none.win32_1.17.0.201812190825/tools/compiler/bin/../lib/gcc/arm-none-eabi/7.3.1/../../../../arm-none-eabi/lib/thumb/v6-m\libc.a(lib_a-__atexit.o)
                0x08009720                __register_exitproc
 .text._calloc_r
                0x08009814       0x58 d:/ac6/plugins/fr.ac6.mcu.externaltools.arm-none.win32_1.17.0.201812190825/tools/compiler/bin/../lib/gcc/arm-none-eabi/7.3.1/../../../../arm-none-eabi/lib/thumb/v6-m\libc.a(lib_a-callocr.o)
                0x08009814                _calloc_r
 .text.__fputwc
                0x0800986c       0x94 d:/ac6/plugins/fr.ac6.mcu.externaltools.arm-none.win32_1.17.0.201812190825/tools/compiler/bin/../lib/gcc/arm-none-eabi/7.3.1/../../../../arm-none-eabi/lib/thumb/v6-m\libc.a(lib_a-fputwc.o)
                0x0800986c                __fputwc
 .text._fputwc_r
                0x08009900       0x5c d:/ac6/plugins/fr.ac6.mcu.externaltools.arm-none.win32_1.17.0.201812190825/tools/compiler/bin/../lib/gcc/arm-none-eabi/7.3.1/../../../../arm-none-eabi/lib/thumb/v6-m\libc.a(lib_a-fputwc.o)
                0x08009900                _fputwc_r
 .text._fstat_r
                0x0800995c       0x28 d:/ac6/plugins/fr.ac6.mcu.externaltools.arm-none.win32_1.17.0.201812190825/tools/compiler/bin/../lib/gcc/arm-none-eabi/7.3.1/../../../../arm-none-eabi/lib/thumb/v6-m\libc.a(lib_a-fstatr.o)
                0x0800995c                _fstat_r
 .text.__sfvwrite_r
                0x08009984      0x2fc d:/ac6/plugins/fr.ac6.mcu.externaltools.arm-none.win32_1.17.0.201812190825/tools/compiler/bin/../lib/gcc/arm-none-eabi/7.3.1/../../../../arm-none-eabi/lib/thumb/v6-m\libc.a(lib_a-fvwrite.o)
                0x08009984                __sfvwrite_r
 .text._isatty_r
                0x08009c80       0x24 d:/ac6/plugins/fr.ac6.mcu.externaltools.arm-none.win32_1.17.0.201812190825/tools/compiler/bin/../lib/gcc/arm-none-eabi/7.3.1/../../../../arm-none-eabi/lib/thumb/v6-m\libc.a(lib_a-isattyr.o)
                0x08009c80                _isatty_r
 .text.__locale_mb_cur_max
                0x08009ca4       0x1c d:/ac6/plugins/fr.ac6.mcu.externaltools.arm-none.win32_1.17.0.201812190825/tools/compiler/bin/../lib/gcc/arm-none-eabi/7.3.1/../../../../arm-none-eabi/lib/thumb/v6-m\libc.a(lib_a-locale.o)
                0x08009ca4                __locale_mb_cur_max
 .text.__ascii_mbtowc
                0x08009cc0       0x2c d:/ac6/plugins/fr.ac6.mcu.externaltools.arm-none.win32_1.17.0.201812190825/tools/compiler/bin/../lib/gcc/arm-none-eabi/7.3.1/../../../../arm-none-eabi/lib/thumb/v6-m\libc.a(lib_a-mbtowc_r.o)
                0x08009cc0                __ascii_mbtowc
 .text.memmove  0x08009cec       0x9c d:/ac6/plugins/fr.ac6.mcu.externaltools.arm-none.win32_1.17.0.201812190825/tools/compiler/bin/../lib/gcc/arm-none-eabi/7.3.1/../../../../arm-none-eabi/lib/thumb/v6-m\libc.a(lib_a-memmove.o)
                0x08009cec                memmove
 .text._realloc_r
                0x08009d88      0x3b0 d:/ac6/plugins/fr.ac6.mcu.externaltools.arm-none.win32_1.17.0.201812190825/tools/compiler/bin/../lib/gcc/arm-none-eabi/7.3.1/../../../../arm-none-eabi/lib/thumb/v6-m\libc.a(lib_a-reallocr.o)
                0x08009d88                _realloc_r
 .text._wcrtomb_r
                0x0800a138       0x58 d:/ac6/plugins/fr.ac6.mcu.externaltools.arm-none.win32_1.17.0.201812190825/tools/compiler/bin/../lib/gcc/arm-none-eabi/7.3.1/../../../../arm-none-eabi/lib/thumb/v6-m\libc.a(lib_a-wcrtomb.o)
                0x0800a138                _wcrtomb_r
 .text.__ascii_wctomb
                0x0800a190       0x1c d:/ac6/plugins/fr.ac6.mcu.externaltools.arm-none.win32_1.17.0.201812190825/tools/compiler/bin/../lib/gcc/arm-none-eabi/7.3.1/../../../../arm-none-eabi/lib/thumb/v6-m\libc.a(lib_a-wctomb_r.o)
                0x0800a190                __ascii_wctomb
 *(.rodata)
 .rodata        0x0800a1ac        0xd src/main.o
 *fill*         0x0800a1b9        0x3 
 .rodata        0x0800a1bc       0x3e src/tty.o
 *fill*         0x0800a1fa        0x2 
 .rodata        0x0800a1fc       0x40 d:/ac6/plugins/fr.ac6.mcu.externaltools.arm-none.win32_1.17.0.201812190825/tools/compiler/bin/../lib/gcc/arm-none-eabi/7.3.1/thumb/v6-m\libgcc.a(divdf3.o)
 .rodata        0x0800a23c       0x40 d:/ac6/plugins/fr.ac6.mcu.externaltools.arm-none.win32_1.17.0.201812190825/tools/compiler/bin/../lib/gcc/arm-none-eabi/7.3.1/thumb/v6-m\libgcc.a(muldf3.o)
 *(.rodata*)
 .rodata._global_impure_ptr
                0x0800a27c        0x4 d:/ac6/plugins/fr.ac6.mcu.externaltools.arm-none.win32_1.17.0.201812190825/tools/compiler/bin/../lib/gcc/arm-none-eabi/7.3.1/../../../../arm-none-eabi/lib/thumb/v6-m\libc.a(lib_a-impure.o)
                0x0800a27c                _global_impure_ptr
 .rodata._svfprintf_r
                0x0800a280      0x16c d:/ac6/plugins/fr.ac6.mcu.externaltools.arm-none.win32_1.17.0.201812190825/tools/compiler/bin/../lib/gcc/arm-none-eabi/7.3.1/../../../../arm-none-eabi/lib/thumb/v6-m\libc.a(lib_a-svfprintf.o)
 .rodata._svfprintf_r.str1.4
                0x0800a3ec       0x42 d:/ac6/plugins/fr.ac6.mcu.externaltools.arm-none.win32_1.17.0.201812190825/tools/compiler/bin/../lib/gcc/arm-none-eabi/7.3.1/../../../../arm-none-eabi/lib/thumb/v6-m\libc.a(lib_a-svfprintf.o)
 *fill*         0x0800a42e        0x2 
 .rodata.blanks.7315
                0x0800a430       0x10 d:/ac6/plugins/fr.ac6.mcu.externaltools.arm-none.win32_1.17.0.201812190825/tools/compiler/bin/../lib/gcc/arm-none-eabi/7.3.1/../../../../arm-none-eabi/lib/thumb/v6-m\libc.a(lib_a-svfprintf.o)
 .rodata.zeroes.7316
                0x0800a440       0x10 d:/ac6/plugins/fr.ac6.mcu.externaltools.arm-none.win32_1.17.0.201812190825/tools/compiler/bin/../lib/gcc/arm-none-eabi/7.3.1/../../../../arm-none-eabi/lib/thumb/v6-m\libc.a(lib_a-svfprintf.o)
 .rodata._vfprintf_r
                0x0800a450      0x16c d:/ac6/plugins/fr.ac6.mcu.externaltools.arm-none.win32_1.17.0.201812190825/tools/compiler/bin/../lib/gcc/arm-none-eabi/7.3.1/../../../../arm-none-eabi/lib/thumb/v6-m\libc.a(lib_a-vfprintf.o)
 .rodata._vfprintf_r.str1.4
                0x0800a5bc       0x42 d:/ac6/plugins/fr.ac6.mcu.externaltools.arm-none.win32_1.17.0.201812190825/tools/compiler/bin/../lib/gcc/arm-none-eabi/7.3.1/../../../../arm-none-eabi/lib/thumb/v6-m\libc.a(lib_a-vfprintf.o)
 .rodata.blanks.7330
                0x0800a5bc       0x10 d:/ac6/plugins/fr.ac6.mcu.externaltools.arm-none.win32_1.17.0.201812190825/tools/compiler/bin/../lib/gcc/arm-none-eabi/7.3.1/../../../../arm-none-eabi/lib/thumb/v6-m\libc.a(lib_a-vfprintf.o)
 .rodata.zeroes.7331
                0x0800a5cc       0x10 d:/ac6/plugins/fr.ac6.mcu.externaltools.arm-none.win32_1.17.0.201812190825/tools/compiler/bin/../lib/gcc/arm-none-eabi/7.3.1/../../../../arm-none-eabi/lib/thumb/v6-m\libc.a(lib_a-vfprintf.o)
 .rodata._dtoa_r.str1.4
                0x0800a5dc       0x10 d:/ac6/plugins/fr.ac6.mcu.externaltools.arm-none.win32_1.17.0.201812190825/tools/compiler/bin/../lib/gcc/arm-none-eabi/7.3.1/../../../../arm-none-eabi/lib/thumb/v6-m\libc.a(lib_a-dtoa.o)
                                 0x12 (size before relaxing)
 *fill*         0x0800a5ec        0x4 
 .rodata.__mprec_bigtens
                0x0800a5f0       0x28 d:/ac6/plugins/fr.ac6.mcu.externaltools.arm-none.win32_1.17.0.201812190825/tools/compiler/bin/../lib/gcc/arm-none-eabi/7.3.1/../../../../arm-none-eabi/lib/thumb/v6-m\libc.a(lib_a-mprec.o)
                0x0800a5f0                __mprec_bigtens
 .rodata.__mprec_tens
                0x0800a618       0xc8 d:/ac6/plugins/fr.ac6.mcu.externaltools.arm-none.win32_1.17.0.201812190825/tools/compiler/bin/../lib/gcc/arm-none-eabi/7.3.1/../../../../arm-none-eabi/lib/thumb/v6-m\libc.a(lib_a-mprec.o)
                0x0800a618                __mprec_tens
 .rodata.p05.6092
                0x0800a6e0        0xc d:/ac6/plugins/fr.ac6.mcu.externaltools.arm-none.win32_1.17.0.201812190825/tools/compiler/bin/../lib/gcc/arm-none-eabi/7.3.1/../../../../arm-none-eabi/lib/thumb/v6-m\libc.a(lib_a-mprec.o)
 .rodata._setlocale_r.str1.4
                0x0800a6ec        0xa d:/ac6/plugins/fr.ac6.mcu.externaltools.arm-none.win32_1.17.0.201812190825/tools/compiler/bin/../lib/gcc/arm-none-eabi/7.3.1/../../../../arm-none-eabi/lib/thumb/v6-m\libc.a(lib_a-locale.o)
                                  0xd (size before relaxing)
 *fill*         0x0800a6f6        0x2 
 .rodata.str1.4
                0x0800a6f8        0x4 d:/ac6/plugins/fr.ac6.mcu.externaltools.arm-none.win32_1.17.0.201812190825/tools/compiler/bin/../lib/gcc/arm-none-eabi/7.3.1/../../../../arm-none-eabi/lib/thumb/v6-m\libc.a(lib_a-locale.o)
                                  0x2 (size before relaxing)
 .rodata._ctype_
                0x0800a6fc      0x101 d:/ac6/plugins/fr.ac6.mcu.externaltools.arm-none.win32_1.17.0.201812190825/tools/compiler/bin/../lib/gcc/arm-none-eabi/7.3.1/../../../../arm-none-eabi/lib/thumb/v6-m\libc.a(lib_a-ctype_.o)
                0x0800a6fc                _ctype_
 *(.glue_7)
 .glue_7        0x0800a7fd        0x0 linker stubs
 *(.glue_7t)
 .glue_7t       0x0800a7fd        0x0 linker stubs
 *(.eh_frame)
 *fill*         0x0800a7fd        0x3 
 .eh_frame      0x0800a800        0x0 d:/ac6/plugins/fr.ac6.mcu.externaltools.arm-none.win32_1.17.0.201812190825/tools/compiler/bin/../lib/gcc/arm-none-eabi/7.3.1/thumb/v6-m/crtbegin.o
 *(.init)
 .init          0x0800a800        0x4 d:/ac6/plugins/fr.ac6.mcu.externaltools.arm-none.win32_1.17.0.201812190825/tools/compiler/bin/../lib/gcc/arm-none-eabi/7.3.1/thumb/v6-m/crti.o
                0x0800a800                _init
 .init          0x0800a804        0x8 d:/ac6/plugins/fr.ac6.mcu.externaltools.arm-none.win32_1.17.0.201812190825/tools/compiler/bin/../lib/gcc/arm-none-eabi/7.3.1/thumb/v6-m/crtn.o
 *(.fini)
 .fini          0x0800a80c        0x4 d:/ac6/plugins/fr.ac6.mcu.externaltools.arm-none.win32_1.17.0.201812190825/tools/compiler/bin/../lib/gcc/arm-none-eabi/7.3.1/thumb/v6-m/crti.o
                0x0800a80c                _fini
 .fini          0x0800a810        0x8 d:/ac6/plugins/fr.ac6.mcu.externaltools.arm-none.win32_1.17.0.201812190825/tools/compiler/bin/../lib/gcc/arm-none-eabi/7.3.1/thumb/v6-m/crtn.o
                0x0800a818                . = ALIGN (0x4)
                0x0800a818                _etext = .

.vfp11_veneer   0x0800a818        0x0
 .vfp11_veneer  0x0800a818        0x0 linker stubs

.v4_bx          0x0800a818        0x0
 .v4_bx         0x0800a818        0x0 linker stubs

.iplt           0x0800a818        0x0
 .iplt          0x0800a818        0x0 d:/ac6/plugins/fr.ac6.mcu.externaltools.arm-none.win32_1.17.0.201812190825/tools/compiler/bin/../lib/gcc/arm-none-eabi/7.3.1/thumb/v6-m/crtbegin.o

.ARM.extab
 *(.ARM.extab* .gnu.linkonce.armextab.*)

.ARM            0x0800a818        0x8
                0x0800a818                __exidx_start = .
 *(.ARM.exidx*)
 .ARM.exidx     0x0800a818        0x8 d:/ac6/plugins/fr.ac6.mcu.externaltools.arm-none.win32_1.17.0.201812190825/tools/compiler/bin/../lib/gcc/arm-none-eabi/7.3.1/thumb/v6-m\libgcc.a(_udivmoddi4.o)
                0x0800a820                __exidx_end = .

.rel.dyn        0x0800a820        0x0
 .rel.iplt      0x0800a820        0x0 d:/ac6/plugins/fr.ac6.mcu.externaltools.arm-none.win32_1.17.0.201812190825/tools/compiler/bin/../lib/gcc/arm-none-eabi/7.3.1/thumb/v6-m/crtbegin.o

.preinit_array  0x0800a820        0x0
                0x0800a820                PROVIDE (__preinit_array_start = .)
 *(.preinit_array*)
                0x0800a820                PROVIDE (__preinit_array_end = .)

.init_array     0x0800a820        0x8
                0x0800a820                PROVIDE (__init_array_start = .)
 *(SORT_BY_NAME(.init_array.*))
 .init_array.00000
                0x0800a820        0x4 d:/ac6/plugins/fr.ac6.mcu.externaltools.arm-none.win32_1.17.0.201812190825/tools/compiler/bin/../lib/gcc/arm-none-eabi/7.3.1/../../../../arm-none-eabi/lib/thumb/v6-m\libc.a(lib_a-__call_atexit.o)
 *(.init_array*)
 .init_array    0x0800a824        0x4 d:/ac6/plugins/fr.ac6.mcu.externaltools.arm-none.win32_1.17.0.201812190825/tools/compiler/bin/../lib/gcc/arm-none-eabi/7.3.1/thumb/v6-m/crtbegin.o
                0x0800a828                PROVIDE (__init_array_end = .)

.fini_array     0x0800a828        0x4
                0x0800a828                PROVIDE (__fini_array_start = .)
 *(SORT_BY_NAME(.fini_array.*))
 *(.fini_array*)
 .fini_array    0x0800a828        0x4 d:/ac6/plugins/fr.ac6.mcu.externaltools.arm-none.win32_1.17.0.201812190825/tools/compiler/bin/../lib/gcc/arm-none-eabi/7.3.1/thumb/v6-m/crtbegin.o
                0x0800a82c                PROVIDE (__fini_array_end = .)
                0x0800a82c                _sidata = LOADADDR (.data)

.data           0x20000000      0x9c8 load address 0x0800a82c
                0x20000000                . = ALIGN (0x4)
                0x20000000                _sdata = .
 *(.data)
 .data          0x20000000       0x10 StdPeriph_Driver/src/stm32f0xx_rcc.o
 .data          0x20000010        0xc src/tty.o
                0x20000010                interrupt_mode
                0x20000014                echo_mode
                0x20000018                line_mode
 *(.data*)
 .data._impure_ptr
                0x2000001c        0x4 d:/ac6/plugins/fr.ac6.mcu.externaltools.arm-none.win32_1.17.0.201812190825/tools/compiler/bin/../lib/gcc/arm-none-eabi/7.3.1/../../../../arm-none-eabi/lib/thumb/v6-m\libc.a(lib_a-impure.o)
                0x2000001c                _impure_ptr
 .data.impure_data
                0x20000020      0x428 d:/ac6/plugins/fr.ac6.mcu.externaltools.arm-none.win32_1.17.0.201812190825/tools/compiler/bin/../lib/gcc/arm-none-eabi/7.3.1/../../../../arm-none-eabi/lib/thumb/v6-m\libc.a(lib_a-impure.o)
 .data.__malloc_av_
                0x20000448      0x408 d:/ac6/plugins/fr.ac6.mcu.externaltools.arm-none.win32_1.17.0.201812190825/tools/compiler/bin/../lib/gcc/arm-none-eabi/7.3.1/../../../../arm-none-eabi/lib/thumb/v6-m\libc.a(lib_a-mallocr.o)
                0x20000448                __malloc_av_
 .data.__malloc_sbrk_base
                0x20000850        0x4 d:/ac6/plugins/fr.ac6.mcu.externaltools.arm-none.win32_1.17.0.201812190825/tools/compiler/bin/../lib/gcc/arm-none-eabi/7.3.1/../../../../arm-none-eabi/lib/thumb/v6-m\libc.a(lib_a-mallocr.o)
                0x20000850                __malloc_sbrk_base
 .data.__malloc_trim_threshold
                0x20000854        0x4 d:/ac6/plugins/fr.ac6.mcu.externaltools.arm-none.win32_1.17.0.201812190825/tools/compiler/bin/../lib/gcc/arm-none-eabi/7.3.1/../../../../arm-none-eabi/lib/thumb/v6-m\libc.a(lib_a-mallocr.o)
                0x20000854                __malloc_trim_threshold
 .data.__atexit_recursive_mutex
                0x20000858        0x4 d:/ac6/plugins/fr.ac6.mcu.externaltools.arm-none.win32_1.17.0.201812190825/tools/compiler/bin/../lib/gcc/arm-none-eabi/7.3.1/../../../../arm-none-eabi/lib/thumb/v6-m\libc.a(lib_a-__call_atexit.o)
                0x20000858                __atexit_recursive_mutex
 .data.__global_locale
                0x2000085c      0x16c d:/ac6/plugins/fr.ac6.mcu.externaltools.arm-none.win32_1.17.0.201812190825/tools/compiler/bin/../lib/gcc/arm-none-eabi/7.3.1/../../../../arm-none-eabi/lib/thumb/v6-m\libc.a(lib_a-locale.o)
                0x2000085c                __global_locale
                0x200009c8                . = ALIGN (0x4)
                0x200009c8                _edata = .

.igot.plt       0x200009c8        0x0 load address 0x0800b1f4
 .igot.plt      0x200009c8        0x0 d:/ac6/plugins/fr.ac6.mcu.externaltools.arm-none.win32_1.17.0.201812190825/tools/compiler/bin/../lib/gcc/arm-none-eabi/7.3.1/thumb/v6-m/crtbegin.o
                0x200009c8                . = ALIGN (0x4)

.bss            0x200009c8      0x188 load address 0x0800b1f4
                0x200009c8                _sbss = .
                0x200009c8                __bss_start__ = _sbss
 *(.bss)
 .bss           0x200009c8       0x1c d:/ac6/plugins/fr.ac6.mcu.externaltools.arm-none.win32_1.17.0.201812190825/tools/compiler/bin/../lib/gcc/arm-none-eabi/7.3.1/thumb/v6-m/crtbegin.o
 .bss           0x200009e4        0x8 src/syscalls.o
                0x200009e4                __env
 .bss           0x200009ec      0x107 src/tty.o
 *(.bss*)
 *fill*         0x20000af3        0x1 
 .bss.__malloc_current_mallinfo
                0x20000af4       0x28 d:/ac6/plugins/fr.ac6.mcu.externaltools.arm-none.win32_1.17.0.201812190825/tools/compiler/bin/../lib/gcc/arm-none-eabi/7.3.1/../../../../arm-none-eabi/lib/thumb/v6-m\libc.a(lib_a-mallocr.o)
                0x20000af4                __malloc_current_mallinfo
 .bss.__malloc_max_sbrked_mem
                0x20000b1c        0x4 d:/ac6/plugins/fr.ac6.mcu.externaltools.arm-none.win32_1.17.0.201812190825/tools/compiler/bin/../lib/gcc/arm-none-eabi/7.3.1/../../../../arm-none-eabi/lib/thumb/v6-m\libc.a(lib_a-mallocr.o)
                0x20000b1c                __malloc_max_sbrked_mem
 .bss.__malloc_max_total_mem
                0x20000b20        0x4 d:/ac6/plugins/fr.ac6.mcu.externaltools.arm-none.win32_1.17.0.201812190825/tools/compiler/bin/../lib/gcc/arm-none-eabi/7.3.1/../../../../arm-none-eabi/lib/thumb/v6-m\libc.a(lib_a-mallocr.o)
                0x20000b20                __malloc_max_total_mem
 .bss.__malloc_top_pad
                0x20000b24        0x4 d:/ac6/plugins/fr.ac6.mcu.externaltools.arm-none.win32_1.17.0.201812190825/tools/compiler/bin/../lib/gcc/arm-none-eabi/7.3.1/../../../../arm-none-eabi/lib/thumb/v6-m\libc.a(lib_a-mallocr.o)
                0x20000b24                __malloc_top_pad
 *(COMMON)
 COMMON         0x20000b28       0x21 d:/ac6/plugins/fr.ac6.mcu.externaltools.arm-none.win32_1.17.0.201812190825/tools/compiler/bin/../lib/gcc/arm-none-eabi/7.3.1/../../../../arm-none-eabi/lib/thumb/v6-m\libc.a(lib_a-lock.o)
                0x20000b28                __lock___atexit_recursive_mutex
                0x20000b2c                __lock___arc4random_mutex
                0x20000b30                __lock___env_recursive_mutex
                0x20000b34                __lock___sinit_recursive_mutex
                0x20000b38                __lock___malloc_recursive_mutex
                0x20000b3c                __lock___at_quick_exit_mutex
                0x20000b40                __lock___dd_hash_mutex
                0x20000b44                __lock___tz_mutex
                0x20000b48                __lock___sfp_recursive_mutex
 *fill*         0x20000b49        0x3 
 COMMON         0x20000b4c        0x4 d:/ac6/plugins/fr.ac6.mcu.externaltools.arm-none.win32_1.17.0.201812190825/tools/compiler/bin/../lib/gcc/arm-none-eabi/7.3.1/../../../../arm-none-eabi/lib/thumb/v6-m\libc.a(lib_a-reent.o)
                0x20000b4c                errno
                0x20000b50                . = ALIGN (0x4)
                0x20000b50                _ebss = .
                0x20000b50                __bss_end__ = _ebss

._user_heap_stack
                0x20000b50       0x80 load address 0x0800b1f4
                0x20000b50                . = ALIGN (0x8)
                0x20000b50                PROVIDE (end = .)
                [!provide]                PROVIDE (_end = .)
                0x20000b50                . = (. + _Min_Heap_Size)
                0x20000bd0                . = (. + _Min_Stack_Size)
 *fill*         0x20000b50       0x80 
                0x20000bd0                . = ALIGN (0x8)

.ARM.attributes
                0x00000000       0x28
 *(.ARM.attributes)
 .ARM.attributes
                0x00000000       0x1e d:/ac6/plugins/fr.ac6.mcu.externaltools.arm-none.win32_1.17.0.201812190825/tools/compiler/bin/../lib/gcc/arm-none-eabi/7.3.1/thumb/v6-m/crti.o
 .ARM.attributes
                0x0000001e       0x2c d:/ac6/plugins/fr.ac6.mcu.externaltools.arm-none.win32_1.17.0.201812190825/tools/compiler/bin/../lib/gcc/arm-none-eabi/7.3.1/thumb/v6-m/crtbegin.o
 .ARM.attributes
                0x0000004a       0x31 StdPeriph_Driver/src/stm32f0xx_gpio.o
 .ARM.attributes
                0x0000007b       0x31 StdPeriph_Driver/src/stm32f0xx_rcc.o
 .ARM.attributes
                0x000000ac       0x31 StdPeriph_Driver/src/stm32f0xx_usart.o
 .ARM.attributes
                0x000000dd       0x31 src/fifo.o
 .ARM.attributes
                0x0000010e       0x31 src/main.o
 .ARM.attributes
                0x0000013f       0x31 src/syscalls.o
 .ARM.attributes
                0x00000170       0x31 src/system_stm32f0xx.o
 .ARM.attributes
                0x000001a1       0x31 src/tty.o
 .ARM.attributes
                0x000001d2       0x31 src/uart.o
 .ARM.attributes
                0x00000203       0x21 startup/startup_stm32f0xx.o
 .ARM.attributes
                0x00000224       0x1e d:/ac6/plugins/fr.ac6.mcu.externaltools.arm-none.win32_1.17.0.201812190825/tools/compiler/bin/../lib/gcc/arm-none-eabi/7.3.1/thumb/v6-m\libgcc.a(_udivsi3.o)
 .ARM.attributes
                0x00000242       0x1e d:/ac6/plugins/fr.ac6.mcu.externaltools.arm-none.win32_1.17.0.201812190825/tools/compiler/bin/../lib/gcc/arm-none-eabi/7.3.1/thumb/v6-m\libgcc.a(_divsi3.o)
 .ARM.attributes
                0x00000260       0x1e d:/ac6/plugins/fr.ac6.mcu.externaltools.arm-none.win32_1.17.0.201812190825/tools/compiler/bin/../lib/gcc/arm-none-eabi/7.3.1/thumb/v6-m\libgcc.a(_dvmd_tls.o)
 .ARM.attributes
                0x0000027e       0x2c d:/ac6/plugins/fr.ac6.mcu.externaltools.arm-none.win32_1.17.0.201812190825/tools/compiler/bin/../lib/gcc/arm-none-eabi/7.3.1/../../../../arm-none-eabi/lib/thumb/v6-m\libc.a(lib_a-errno.o)
 .ARM.attributes
                0x000002aa       0x2c d:/ac6/plugins/fr.ac6.mcu.externaltools.arm-none.win32_1.17.0.201812190825/tools/compiler/bin/../lib/gcc/arm-none-eabi/7.3.1/../../../../arm-none-eabi/lib/thumb/v6-m\libc.a(lib_a-fflush.o)
 .ARM.attributes
                0x000002d6       0x2c d:/ac6/plugins/fr.ac6.mcu.externaltools.arm-none.win32_1.17.0.201812190825/tools/compiler/bin/../lib/gcc/arm-none-eabi/7.3.1/../../../../arm-none-eabi/lib/thumb/v6-m\libc.a(lib_a-findfp.o)
 .ARM.attributes
                0x00000302       0x2c d:/ac6/plugins/fr.ac6.mcu.externaltools.arm-none.win32_1.17.0.201812190825/tools/compiler/bin/../lib/gcc/arm-none-eabi/7.3.1/../../../../arm-none-eabi/lib/thumb/v6-m\libc.a(lib_a-freer.o)
 .ARM.attributes
                0x0000032e       0x2c d:/ac6/plugins/fr.ac6.mcu.externaltools.arm-none.win32_1.17.0.201812190825/tools/compiler/bin/../lib/gcc/arm-none-eabi/7.3.1/../../../../arm-none-eabi/lib/thumb/v6-m\libc.a(lib_a-fwalk.o)
 .ARM.attributes
                0x0000035a       0x2c d:/ac6/plugins/fr.ac6.mcu.externaltools.arm-none.win32_1.17.0.201812190825/tools/compiler/bin/../lib/gcc/arm-none-eabi/7.3.1/../../../../arm-none-eabi/lib/thumb/v6-m\libc.a(lib_a-impure.o)
 .ARM.attributes
                0x00000386       0x2c d:/ac6/plugins/fr.ac6.mcu.externaltools.arm-none.win32_1.17.0.201812190825/tools/compiler/bin/../lib/gcc/arm-none-eabi/7.3.1/../../../../arm-none-eabi/lib/thumb/v6-m\libc.a(lib_a-init.o)
 .ARM.attributes
                0x000003b2       0x2c d:/ac6/plugins/fr.ac6.mcu.externaltools.arm-none.win32_1.17.0.201812190825/tools/compiler/bin/../lib/gcc/arm-none-eabi/7.3.1/../../../../arm-none-eabi/lib/thumb/v6-m\libc.a(lib_a-lock.o)
 .ARM.attributes
                0x000003de       0x2c d:/ac6/plugins/fr.ac6.mcu.externaltools.arm-none.win32_1.17.0.201812190825/tools/compiler/bin/../lib/gcc/arm-none-eabi/7.3.1/../../../../arm-none-eabi/lib/thumb/v6-m\libc.a(lib_a-mallocr.o)
 .ARM.attributes
                0x0000040a       0x2c d:/ac6/plugins/fr.ac6.mcu.externaltools.arm-none.win32_1.17.0.201812190825/tools/compiler/bin/../lib/gcc/arm-none-eabi/7.3.1/../../../../arm-none-eabi/lib/thumb/v6-m\libc.a(lib_a-memchr-stub.o)
 .ARM.attributes
                0x00000436       0x2c d:/ac6/plugins/fr.ac6.mcu.externaltools.arm-none.win32_1.17.0.201812190825/tools/compiler/bin/../lib/gcc/arm-none-eabi/7.3.1/../../../../arm-none-eabi/lib/thumb/v6-m\libc.a(lib_a-memcpy-stub.o)
 .ARM.attributes
                0x00000462       0x2c d:/ac6/plugins/fr.ac6.mcu.externaltools.arm-none.win32_1.17.0.201812190825/tools/compiler/bin/../lib/gcc/arm-none-eabi/7.3.1/../../../../arm-none-eabi/lib/thumb/v6-m\libc.a(lib_a-memset.o)
 .ARM.attributes
                0x0000048e       0x2c d:/ac6/plugins/fr.ac6.mcu.externaltools.arm-none.win32_1.17.0.201812190825/tools/compiler/bin/../lib/gcc/arm-none-eabi/7.3.1/../../../../arm-none-eabi/lib/thumb/v6-m\libc.a(lib_a-mlock.o)
 .ARM.attributes
                0x000004ba       0x2c d:/ac6/plugins/fr.ac6.mcu.externaltools.arm-none.win32_1.17.0.201812190825/tools/compiler/bin/../lib/gcc/arm-none-eabi/7.3.1/../../../../arm-none-eabi/lib/thumb/v6-m\libc.a(lib_a-printf.o)
 .ARM.attributes
                0x000004e6       0x2c d:/ac6/plugins/fr.ac6.mcu.externaltools.arm-none.win32_1.17.0.201812190825/tools/compiler/bin/../lib/gcc/arm-none-eabi/7.3.1/../../../../arm-none-eabi/lib/thumb/v6-m\libc.a(lib_a-sbrkr.o)
 .ARM.attributes
                0x00000512       0x2c d:/ac6/plugins/fr.ac6.mcu.externaltools.arm-none.win32_1.17.0.201812190825/tools/compiler/bin/../lib/gcc/arm-none-eabi/7.3.1/../../../../arm-none-eabi/lib/thumb/v6-m\libc.a(lib_a-stdio.o)
 .ARM.attributes
                0x0000053e       0x2c d:/ac6/plugins/fr.ac6.mcu.externaltools.arm-none.win32_1.17.0.201812190825/tools/compiler/bin/../lib/gcc/arm-none-eabi/7.3.1/../../../../arm-none-eabi/lib/thumb/v6-m\libc.a(lib_a-strlen-stub.o)
 .ARM.attributes
                0x0000056a       0x2c d:/ac6/plugins/fr.ac6.mcu.externaltools.arm-none.win32_1.17.0.201812190825/tools/compiler/bin/../lib/gcc/arm-none-eabi/7.3.1/../../../../arm-none-eabi/lib/thumb/v6-m\libc.a(lib_a-svfprintf.o)
 .ARM.attributes
                0x00000596       0x2c d:/ac6/plugins/fr.ac6.mcu.externaltools.arm-none.win32_1.17.0.201812190825/tools/compiler/bin/../lib/gcc/arm-none-eabi/7.3.1/../../../../arm-none-eabi/lib/thumb/v6-m\libc.a(lib_a-vfprintf.o)
 .ARM.attributes
                0x000005c2       0x2c d:/ac6/plugins/fr.ac6.mcu.externaltools.arm-none.win32_1.17.0.201812190825/tools/compiler/bin/../lib/gcc/arm-none-eabi/7.3.1/../../../../arm-none-eabi/lib/thumb/v6-m\libc.a(lib_a-vsnprintf.o)
 .ARM.attributes
                0x000005ee       0x2c d:/ac6/plugins/fr.ac6.mcu.externaltools.arm-none.win32_1.17.0.201812190825/tools/compiler/bin/../lib/gcc/arm-none-eabi/7.3.1/../../../../arm-none-eabi/lib/thumb/v6-m\libc.a(lib_a-writer.o)
 .ARM.attributes
                0x0000061a       0x2c d:/ac6/plugins/fr.ac6.mcu.externaltools.arm-none.win32_1.17.0.201812190825/tools/compiler/bin/../lib/gcc/arm-none-eabi/7.3.1/../../../../arm-none-eabi/lib/thumb/v6-m\libc.a(lib_a-wsetup.o)
 .ARM.attributes
                0x00000646       0x2c d:/ac6/plugins/fr.ac6.mcu.externaltools.arm-none.win32_1.17.0.201812190825/tools/compiler/bin/../lib/gcc/arm-none-eabi/7.3.1/../../../../arm-none-eabi/lib/thumb/v6-m\libc.a(lib_a-__call_atexit.o)
 .ARM.attributes
                0x00000672       0x2c d:/ac6/plugins/fr.ac6.mcu.externaltools.arm-none.win32_1.17.0.201812190825/tools/compiler/bin/../lib/gcc/arm-none-eabi/7.3.1/../../../../arm-none-eabi/lib/thumb/v6-m\libc.a(lib_a-atexit.o)
 .ARM.attributes
                0x0000069e       0x2c d:/ac6/plugins/fr.ac6.mcu.externaltools.arm-none.win32_1.17.0.201812190825/tools/compiler/bin/../lib/gcc/arm-none-eabi/7.3.1/../../../../arm-none-eabi/lib/thumb/v6-m\libc.a(lib_a-closer.o)
 .ARM.attributes
                0x000006ca       0x2c d:/ac6/plugins/fr.ac6.mcu.externaltools.arm-none.win32_1.17.0.201812190825/tools/compiler/bin/../lib/gcc/arm-none-eabi/7.3.1/../../../../arm-none-eabi/lib/thumb/v6-m\libc.a(lib_a-dtoa.o)
 .ARM.attributes
                0x000006f6       0x2c d:/ac6/plugins/fr.ac6.mcu.externaltools.arm-none.win32_1.17.0.201812190825/tools/compiler/bin/../lib/gcc/arm-none-eabi/7.3.1/../../../../arm-none-eabi/lib/thumb/v6-m\libc.a(lib_a-fclose.o)
 .ARM.attributes
                0x00000722       0x2c d:/ac6/plugins/fr.ac6.mcu.externaltools.arm-none.win32_1.17.0.201812190825/tools/compiler/bin/../lib/gcc/arm-none-eabi/7.3.1/../../../../arm-none-eabi/lib/thumb/v6-m\libc.a(lib_a-fini.o)
 .ARM.attributes
                0x0000074e       0x2c d:/ac6/plugins/fr.ac6.mcu.externaltools.arm-none.win32_1.17.0.201812190825/tools/compiler/bin/../lib/gcc/arm-none-eabi/7.3.1/../../../../arm-none-eabi/lib/thumb/v6-m\libc.a(lib_a-localeconv.o)
 .ARM.attributes
                0x0000077a       0x2c d:/ac6/plugins/fr.ac6.mcu.externaltools.arm-none.win32_1.17.0.201812190825/tools/compiler/bin/../lib/gcc/arm-none-eabi/7.3.1/../../../../arm-none-eabi/lib/thumb/v6-m\libc.a(lib_a-lseekr.o)
 .ARM.attributes
                0x000007a6       0x2c d:/ac6/plugins/fr.ac6.mcu.externaltools.arm-none.win32_1.17.0.201812190825/tools/compiler/bin/../lib/gcc/arm-none-eabi/7.3.1/../../../../arm-none-eabi/lib/thumb/v6-m\libc.a(lib_a-makebuf.o)
 .ARM.attributes
                0x000007d2       0x2c d:/ac6/plugins/fr.ac6.mcu.externaltools.arm-none.win32_1.17.0.201812190825/tools/compiler/bin/../lib/gcc/arm-none-eabi/7.3.1/../../../../arm-none-eabi/lib/thumb/v6-m\libc.a(lib_a-malloc.o)
 .ARM.attributes
                0x000007fe       0x2c d:/ac6/plugins/fr.ac6.mcu.externaltools.arm-none.win32_1.17.0.201812190825/tools/compiler/bin/../lib/gcc/arm-none-eabi/7.3.1/../../../../arm-none-eabi/lib/thumb/v6-m\libc.a(lib_a-mprec.o)
 .ARM.attributes
                0x0000082a       0x2c d:/ac6/plugins/fr.ac6.mcu.externaltools.arm-none.win32_1.17.0.201812190825/tools/compiler/bin/../lib/gcc/arm-none-eabi/7.3.1/../../../../arm-none-eabi/lib/thumb/v6-m\libc.a(lib_a-readr.o)
 .ARM.attributes
                0x00000856       0x2c d:/ac6/plugins/fr.ac6.mcu.externaltools.arm-none.win32_1.17.0.201812190825/tools/compiler/bin/../lib/gcc/arm-none-eabi/7.3.1/../../../../arm-none-eabi/lib/thumb/v6-m\libc.a(lib_a-reent.o)
 .ARM.attributes
                0x00000882       0x2c d:/ac6/plugins/fr.ac6.mcu.externaltools.arm-none.win32_1.17.0.201812190825/tools/compiler/bin/../lib/gcc/arm-none-eabi/7.3.1/../../../../arm-none-eabi/lib/thumb/v6-m\libc.a(lib_a-s_frexp.o)
 .ARM.attributes
                0x000008ae       0x2c d:/ac6/plugins/fr.ac6.mcu.externaltools.arm-none.win32_1.17.0.201812190825/tools/compiler/bin/../lib/gcc/arm-none-eabi/7.3.1/../../../../arm-none-eabi/lib/thumb/v6-m\libc.a(lib_a-strncpy.o)
 .ARM.attributes
                0x000008da       0x2c d:/ac6/plugins/fr.ac6.mcu.externaltools.arm-none.win32_1.17.0.201812190825/tools/compiler/bin/../lib/gcc/arm-none-eabi/7.3.1/../../../../arm-none-eabi/lib/thumb/v6-m\libc.a(lib_a-svfiprintf.o)
 .ARM.attributes
                0x00000906       0x2c d:/ac6/plugins/fr.ac6.mcu.externaltools.arm-none.win32_1.17.0.201812190825/tools/compiler/bin/../lib/gcc/arm-none-eabi/7.3.1/../../../../arm-none-eabi/lib/thumb/v6-m\libc.a(lib_a-vfiprintf.o)
 .ARM.attributes
                0x00000932       0x2c d:/ac6/plugins/fr.ac6.mcu.externaltools.arm-none.win32_1.17.0.201812190825/tools/compiler/bin/../lib/gcc/arm-none-eabi/7.3.1/../../../../arm-none-eabi/lib/thumb/v6-m\libc.a(lib_a-wbuf.o)
 .ARM.attributes
                0x0000095e       0x2c d:/ac6/plugins/fr.ac6.mcu.externaltools.arm-none.win32_1.17.0.201812190825/tools/compiler/bin/../lib/gcc/arm-none-eabi/7.3.1/../../../../arm-none-eabi/lib/thumb/v6-m\libc.a(lib_a-__atexit.o)
 .ARM.attributes
                0x0000098a       0x2c d:/ac6/plugins/fr.ac6.mcu.externaltools.arm-none.win32_1.17.0.201812190825/tools/compiler/bin/../lib/gcc/arm-none-eabi/7.3.1/../../../../arm-none-eabi/lib/thumb/v6-m\libc.a(lib_a-callocr.o)
 .ARM.attributes
                0x000009b6       0x2c d:/ac6/plugins/fr.ac6.mcu.externaltools.arm-none.win32_1.17.0.201812190825/tools/compiler/bin/../lib/gcc/arm-none-eabi/7.3.1/../../../../arm-none-eabi/lib/thumb/v6-m\libc.a(lib_a-fputwc.o)
 .ARM.attributes
                0x000009e2       0x2c d:/ac6/plugins/fr.ac6.mcu.externaltools.arm-none.win32_1.17.0.201812190825/tools/compiler/bin/../lib/gcc/arm-none-eabi/7.3.1/../../../../arm-none-eabi/lib/thumb/v6-m\libc.a(lib_a-fstatr.o)
 .ARM.attributes
                0x00000a0e       0x2c d:/ac6/plugins/fr.ac6.mcu.externaltools.arm-none.win32_1.17.0.201812190825/tools/compiler/bin/../lib/gcc/arm-none-eabi/7.3.1/../../../../arm-none-eabi/lib/thumb/v6-m\libc.a(lib_a-fvwrite.o)
 .ARM.attributes
                0x00000a3a       0x2c d:/ac6/plugins/fr.ac6.mcu.externaltools.arm-none.win32_1.17.0.201812190825/tools/compiler/bin/../lib/gcc/arm-none-eabi/7.3.1/../../../../arm-none-eabi/lib/thumb/v6-m\libc.a(lib_a-isattyr.o)
 .ARM.attributes
                0x00000a66       0x2c d:/ac6/plugins/fr.ac6.mcu.externaltools.arm-none.win32_1.17.0.201812190825/tools/compiler/bin/../lib/gcc/arm-none-eabi/7.3.1/../../../../arm-none-eabi/lib/thumb/v6-m\libc.a(lib_a-locale.o)
 .ARM.attributes
                0x00000a92       0x2c d:/ac6/plugins/fr.ac6.mcu.externaltools.arm-none.win32_1.17.0.201812190825/tools/compiler/bin/../lib/gcc/arm-none-eabi/7.3.1/../../../../arm-none-eabi/lib/thumb/v6-m\libc.a(lib_a-mbtowc_r.o)
 .ARM.attributes
                0x00000abe       0x2c d:/ac6/plugins/fr.ac6.mcu.externaltools.arm-none.win32_1.17.0.201812190825/tools/compiler/bin/../lib/gcc/arm-none-eabi/7.3.1/../../../../arm-none-eabi/lib/thumb/v6-m\libc.a(lib_a-memmove.o)
 .ARM.attributes
                0x00000aea       0x2c d:/ac6/plugins/fr.ac6.mcu.externaltools.arm-none.win32_1.17.0.201812190825/tools/compiler/bin/../lib/gcc/arm-none-eabi/7.3.1/../../../../arm-none-eabi/lib/thumb/v6-m\libc.a(lib_a-reallocr.o)
 .ARM.attributes
                0x00000b16       0x2c d:/ac6/plugins/fr.ac6.mcu.externaltools.arm-none.win32_1.17.0.201812190825/tools/compiler/bin/../lib/gcc/arm-none-eabi/7.3.1/../../../../arm-none-eabi/lib/thumb/v6-m\libc.a(lib_a-wcrtomb.o)
 .ARM.attributes
                0x00000b42       0x2c d:/ac6/plugins/fr.ac6.mcu.externaltools.arm-none.win32_1.17.0.201812190825/tools/compiler/bin/../lib/gcc/arm-none-eabi/7.3.1/../../../../arm-none-eabi/lib/thumb/v6-m\libc.a(lib_a-wctomb_r.o)
 .ARM.attributes
                0x00000b6e       0x2c d:/ac6/plugins/fr.ac6.mcu.externaltools.arm-none.win32_1.17.0.201812190825/tools/compiler/bin/../lib/gcc/arm-none-eabi/7.3.1/../../../../arm-none-eabi/lib/thumb/v6-m\libc.a(lib_a-ctype_.o)
 .ARM.attributes
                0x00000b9a       0x1e d:/ac6/plugins/fr.ac6.mcu.externaltools.arm-none.win32_1.17.0.201812190825/tools/compiler/bin/../lib/gcc/arm-none-eabi/7.3.1/thumb/v6-m\libgcc.a(_arm_cmpdf2.o)
 .ARM.attributes
                0x00000bb8       0x1e d:/ac6/plugins/fr.ac6.mcu.externaltools.arm-none.win32_1.17.0.201812190825/tools/compiler/bin/../lib/gcc/arm-none-eabi/7.3.1/thumb/v6-m\libgcc.a(_aeabi_uldivmod.o)
 .ARM.attributes
                0x00000bd6       0x2c d:/ac6/plugins/fr.ac6.mcu.externaltools.arm-none.win32_1.17.0.201812190825/tools/compiler/bin/../lib/gcc/arm-none-eabi/7.3.1/thumb/v6-m\libgcc.a(_udivmoddi4.o)
 .ARM.attributes
                0x00000c02       0x2c d:/ac6/plugins/fr.ac6.mcu.externaltools.arm-none.win32_1.17.0.201812190825/tools/compiler/bin/../lib/gcc/arm-none-eabi/7.3.1/thumb/v6-m\libgcc.a(adddf3.o)
 .ARM.attributes
                0x00000c2e       0x2c d:/ac6/plugins/fr.ac6.mcu.externaltools.arm-none.win32_1.17.0.201812190825/tools/compiler/bin/../lib/gcc/arm-none-eabi/7.3.1/thumb/v6-m\libgcc.a(divdf3.o)
 .ARM.attributes
                0x00000c5a       0x2c d:/ac6/plugins/fr.ac6.mcu.externaltools.arm-none.win32_1.17.0.201812190825/tools/compiler/bin/../lib/gcc/arm-none-eabi/7.3.1/thumb/v6-m\libgcc.a(eqdf2.o)
 .ARM.attributes
                0x00000c86       0x2c d:/ac6/plugins/fr.ac6.mcu.externaltools.arm-none.win32_1.17.0.201812190825/tools/compiler/bin/../lib/gcc/arm-none-eabi/7.3.1/thumb/v6-m\libgcc.a(gedf2.o)
 .ARM.attributes
                0x00000cb2       0x2c d:/ac6/plugins/fr.ac6.mcu.externaltools.arm-none.win32_1.17.0.201812190825/tools/compiler/bin/../lib/gcc/arm-none-eabi/7.3.1/thumb/v6-m\libgcc.a(ledf2.o)
 .ARM.attributes
                0x00000cde       0x2c d:/ac6/plugins/fr.ac6.mcu.externaltools.arm-none.win32_1.17.0.201812190825/tools/compiler/bin/../lib/gcc/arm-none-eabi/7.3.1/thumb/v6-m\libgcc.a(muldf3.o)
 .ARM.attributes
                0x00000d0a       0x2c d:/ac6/plugins/fr.ac6.mcu.externaltools.arm-none.win32_1.17.0.201812190825/tools/compiler/bin/../lib/gcc/arm-none-eabi/7.3.1/thumb/v6-m\libgcc.a(subdf3.o)
 .ARM.attributes
                0x00000d36       0x2c d:/ac6/plugins/fr.ac6.mcu.externaltools.arm-none.win32_1.17.0.201812190825/tools/compiler/bin/../lib/gcc/arm-none-eabi/7.3.1/thumb/v6-m\libgcc.a(unorddf2.o)
 .ARM.attributes
                0x00000d62       0x2c d:/ac6/plugins/fr.ac6.mcu.externaltools.arm-none.win32_1.17.0.201812190825/tools/compiler/bin/../lib/gcc/arm-none-eabi/7.3.1/thumb/v6-m\libgcc.a(fixdfsi.o)
 .ARM.attributes
                0x00000d8e       0x2c d:/ac6/plugins/fr.ac6.mcu.externaltools.arm-none.win32_1.17.0.201812190825/tools/compiler/bin/../lib/gcc/arm-none-eabi/7.3.1/thumb/v6-m\libgcc.a(floatsidf.o)
 .ARM.attributes
                0x00000dba       0x2c d:/ac6/plugins/fr.ac6.mcu.externaltools.arm-none.win32_1.17.0.201812190825/tools/compiler/bin/../lib/gcc/arm-none-eabi/7.3.1/thumb/v6-m\libgcc.a(floatunsidf.o)
 .ARM.attributes
                0x00000de6       0x1e d:/ac6/plugins/fr.ac6.mcu.externaltools.arm-none.win32_1.17.0.201812190825/tools/compiler/bin/../lib/gcc/arm-none-eabi/7.3.1/thumb/v6-m\libgcc.a(_clzsi2.o)
 .ARM.attributes
                0x00000e04       0x1e d:/ac6/plugins/fr.ac6.mcu.externaltools.arm-none.win32_1.17.0.201812190825/tools/compiler/bin/../lib/gcc/arm-none-eabi/7.3.1/thumb/v6-m\libgcc.a(_clzdi2.o)
 .ARM.attributes
                0x00000e22       0x1e d:/ac6/plugins/fr.ac6.mcu.externaltools.arm-none.win32_1.17.0.201812190825/tools/compiler/bin/../lib/gcc/arm-none-eabi/7.3.1/thumb/v6-m/crtn.o
OUTPUT(p1.elf elf32-littlearm)

.debug_info     0x00000000     0x5968
 .debug_info    0x00000000      0x5f8 StdPeriph_Driver/src/stm32f0xx_gpio.o
 .debug_info    0x000005f8      0x9b8 StdPeriph_Driver/src/stm32f0xx_rcc.o
 .debug_info    0x00000fb0      0xe73 StdPeriph_Driver/src/stm32f0xx_usart.o
 .debug_info    0x00001e23      0x22b src/fifo.o
 .debug_info    0x0000204e      0x92d src/main.o
 .debug_info    0x0000297b      0xf2e src/syscalls.o
 .debug_info    0x000038a9      0x2d5 src/system_stm32f0xx.o
 .debug_info    0x00003b7e     0x1100 src/tty.o
 .debug_info    0x00004c7e      0xcc8 src/uart.o
 .debug_info    0x00005946       0x22 startup/startup_stm32f0xx.o

.debug_abbrev   0x00000000     0x11ac
 .debug_abbrev  0x00000000      0x18e StdPeriph_Driver/src/stm32f0xx_gpio.o
 .debug_abbrev  0x0000018e      0x206 StdPeriph_Driver/src/stm32f0xx_rcc.o
 .debug_abbrev  0x00000394      0x176 StdPeriph_Driver/src/stm32f0xx_usart.o
 .debug_abbrev  0x0000050a      0x11a src/fifo.o
 .debug_abbrev  0x00000624      0x1e0 src/main.o
 .debug_abbrev  0x00000804      0x2aa src/syscalls.o
 .debug_abbrev  0x00000aae      0x138 src/system_stm32f0xx.o
 .debug_abbrev  0x00000be6      0x388 src/tty.o
 .debug_abbrev  0x00000f6e      0x22c src/uart.o
 .debug_abbrev  0x0000119a       0x12 startup/startup_stm32f0xx.o

.debug_aranges  0x00000000      0x5c0
 .debug_aranges
                0x00000000       0x80 StdPeriph_Driver/src/stm32f0xx_gpio.o
 .debug_aranges
                0x00000080      0x150 StdPeriph_Driver/src/stm32f0xx_rcc.o
 .debug_aranges
                0x000001d0      0x1a8 StdPeriph_Driver/src/stm32f0xx_usart.o
 .debug_aranges
                0x00000378       0x48 src/fifo.o
 .debug_aranges
                0x000003c0       0x20 src/main.o
 .debug_aranges
                0x000003e0       0xb0 src/syscalls.o
 .debug_aranges
                0x00000490       0x30 src/system_stm32f0xx.o
 .debug_aranges
                0x000004c0       0xa0 src/tty.o
 .debug_aranges
                0x00000560       0x38 src/uart.o
 .debug_aranges
                0x00000598       0x28 startup/startup_stm32f0xx.o

.debug_ranges   0x00000000      0x548
 .debug_ranges  0x00000000       0x70 StdPeriph_Driver/src/stm32f0xx_gpio.o
 .debug_ranges  0x00000070      0x140 StdPeriph_Driver/src/stm32f0xx_rcc.o
 .debug_ranges  0x000001b0      0x198 StdPeriph_Driver/src/stm32f0xx_usart.o
 .debug_ranges  0x00000348       0x38 src/fifo.o
 .debug_ranges  0x00000380       0x10 src/main.o
 .debug_ranges  0x00000390       0xa0 src/syscalls.o
 .debug_ranges  0x00000430       0x20 src/system_stm32f0xx.o
 .debug_ranges  0x00000450       0xb0 src/tty.o
 .debug_ranges  0x00000500       0x28 src/uart.o
 .debug_ranges  0x00000528       0x20 startup/startup_stm32f0xx.o

.debug_macro    0x00000000     0x30c4
 .debug_macro   0x00000000      0x17c StdPeriph_Driver/src/stm32f0xx_gpio.o
 .debug_macro   0x0000017c      0x17f StdPeriph_Driver/src/stm32f0xx_gpio.o
 .debug_macro   0x000002fb      0x196 StdPeriph_Driver/src/stm32f0xx_rcc.o
 .debug_macro   0x00000491      0x446 StdPeriph_Driver/src/stm32f0xx_rcc.o
 .debug_macro   0x000008d7      0x194 StdPeriph_Driver/src/stm32f0xx_usart.o
 .debug_macro   0x00000a6b      0x347 StdPeriph_Driver/src/stm32f0xx_usart.o
 .debug_macro   0x00000db2       0x6d src/fifo.o
 .debug_macro   0x00000e1f      0x30a src/main.o
 .debug_macro   0x00001129       0x18 src/main.o
 .debug_macro   0x00001141       0x58 src/main.o
 .debug_macro   0x00001199       0x94 src/main.o
 .debug_macro   0x0000122d       0x35 src/main.o
 .debug_macro   0x00001262       0x34 src/main.o
 .debug_macro   0x00001296       0x16 src/main.o
 .debug_macro   0x000012ac      0x10e src/main.o
 .debug_macro   0x000013ba       0x8d src/main.o
 .debug_macro   0x00001447       0x57 src/main.o
 .debug_macro   0x0000149e       0x58 src/main.o
 .debug_macro   0x000014f6       0x1f src/main.o
 .debug_macro   0x00001515       0x43 src/main.o
 .debug_macro   0x00001558       0x20 src/main.o
 .debug_macro   0x00001578      0x18e src/main.o
 .debug_macro   0x00001706      0x330 src/main.o
 .debug_macro   0x00001a36       0x16 src/main.o
 .debug_macro   0x00001a4c       0x29 src/main.o
 .debug_macro   0x00001a75       0x64 src/main.o
 .debug_macro   0x00001ad9       0x1c src/main.o
 .debug_macro   0x00001af5       0x35 src/main.o
 .debug_macro   0x00001b2a       0x10 src/main.o
 .debug_macro   0x00001b3a       0x10 src/main.o
 .debug_macro   0x00001b4a       0x1c src/main.o
 .debug_macro   0x00001b66       0x52 src/main.o
 .debug_macro   0x00001bb8       0x40 src/main.o
 .debug_macro   0x00001bf8       0x10 src/main.o
 .debug_macro   0x00001c08       0x40 src/main.o
 .debug_macro   0x00001c48       0xd7 src/main.o
 .debug_macro   0x00001d1f       0x1c src/main.o
 .debug_macro   0x00001d3b       0x3d src/main.o
 .debug_macro   0x00001d78       0x16 src/main.o
 .debug_macro   0x00001d8e      0x16f src/main.o
 .debug_macro   0x00001efd      0x243 src/syscalls.o
 .debug_macro   0x00002140      0x174 src/syscalls.o
 .debug_macro   0x000022b4       0x10 src/syscalls.o
 .debug_macro   0x000022c4       0x10 src/syscalls.o
 .debug_macro   0x000022d4       0x10 src/syscalls.o
 .debug_macro   0x000022e4       0x35 src/syscalls.o
 .debug_macro   0x00002319      0x122 src/syscalls.o
 .debug_macro   0x0000243b       0x10 src/syscalls.o
 .debug_macro   0x0000244b      0x241 src/syscalls.o
 .debug_macro   0x0000268c       0x10 src/syscalls.o
 .debug_macro   0x0000269c      0x189 src/syscalls.o
 .debug_macro   0x00002825       0x16 src/syscalls.o
 .debug_macro   0x0000283b       0x88 src/syscalls.o
 .debug_macro   0x000028c3      0x174 src/system_stm32f0xx.o
 .debug_macro   0x00002a37      0x301 src/tty.o
 .debug_macro   0x00002d38       0x5e src/tty.o
 .debug_macro   0x00002d96       0x4c src/tty.o
 .debug_macro   0x00002de2      0x2e2 src/uart.o

.debug_line     0x00000000     0x3f56
 .debug_line    0x00000000      0x6b6 StdPeriph_Driver/src/stm32f0xx_gpio.o
 .debug_line    0x000006b6      0x8e6 StdPeriph_Driver/src/stm32f0xx_rcc.o
 .debug_line    0x00000f9c      0x9a0 StdPeriph_Driver/src/stm32f0xx_usart.o
 .debug_line    0x0000193c      0x318 src/fifo.o
 .debug_line    0x00001c54      0x722 src/main.o
 .debug_line    0x00002376      0x59f src/syscalls.o
 .debug_line    0x00002915      0x5c7 src/system_stm32f0xx.o
 .debug_line    0x00002edc      0x8fb src/tty.o
 .debug_line    0x000037d7      0x6fe src/uart.o
 .debug_line    0x00003ed5       0x81 startup/startup_stm32f0xx.o

.debug_str      0x00000000    0x325f6
 .debug_str     0x00000000    0x2bd99 StdPeriph_Driver/src/stm32f0xx_gpio.o
                              0x2bf4c (size before relaxing)
 .debug_str     0x0002bd99      0x619 StdPeriph_Driver/src/stm32f0xx_rcc.o
                              0x2c2a3 (size before relaxing)
 .debug_str     0x0002c3b2      0x846 StdPeriph_Driver/src/stm32f0xx_usart.o
                              0x2c571 (size before relaxing)
 .debug_str     0x0002cbf8       0x78 src/fifo.o
                               0x3bfc (size before relaxing)
 .debug_str     0x0002cc70     0x4300 src/main.o
                              0x2ffdd (size before relaxing)
 .debug_str     0x00030f70     0x1115 src/syscalls.o
                               0x8512 (size before relaxing)
 .debug_str     0x00032085       0x7b src/system_stm32f0xx.o
                              0x2bd2c (size before relaxing)
 .debug_str     0x00032100      0x429 src/tty.o
                              0x30461 (size before relaxing)
 .debug_str     0x00032529       0xa0 src/uart.o
                              0x3010f (size before relaxing)
 .debug_str     0x000325c9       0x2d startup/startup_stm32f0xx.o
                                 0x71 (size before relaxing)

.comment        0x00000000       0x7f
 .comment       0x00000000       0x7f StdPeriph_Driver/src/stm32f0xx_gpio.o
                                 0x80 (size before relaxing)
 .comment       0x0000007f       0x80 StdPeriph_Driver/src/stm32f0xx_rcc.o
 .comment       0x0000007f       0x80 StdPeriph_Driver/src/stm32f0xx_usart.o
 .comment       0x0000007f       0x80 src/fifo.o
 .comment       0x0000007f       0x80 src/main.o
 .comment       0x0000007f       0x80 src/syscalls.o
 .comment       0x0000007f       0x80 src/system_stm32f0xx.o
 .comment       0x0000007f       0x80 src/tty.o
 .comment       0x0000007f       0x80 src/uart.o

.debug_frame    0x00000000     0x2750
 .debug_frame   0x00000000      0x1b0 StdPeriph_Driver/src/stm32f0xx_gpio.o
 .debug_frame   0x000001b0      0x4e4 StdPeriph_Driver/src/stm32f0xx_rcc.o
 .debug_frame   0x00000694      0x650 StdPeriph_Driver/src/stm32f0xx_usart.o
 .debug_frame   0x00000ce4       0xd0 src/fifo.o
 .debug_frame   0x00000db4       0x34 src/main.o
 .debug_frame   0x00000de8      0x264 src/syscalls.o
 .debug_frame   0x0000104c       0x6c src/system_stm32f0xx.o
 .debug_frame   0x000010b8      0x210 src/tty.o
 .debug_frame   0x000012c8       0x8c src/uart.o
 .debug_frame   0x00001354       0x20 d:/ac6/plugins/fr.ac6.mcu.externaltools.arm-none.win32_1.17.0.201812190825/tools/compiler/bin/../lib/gcc/arm-none-eabi/7.3.1/thumb/v6-m\libgcc.a(_udivsi3.o)
 .debug_frame   0x00001374       0x20 d:/ac6/plugins/fr.ac6.mcu.externaltools.arm-none.win32_1.17.0.201812190825/tools/compiler/bin/../lib/gcc/arm-none-eabi/7.3.1/thumb/v6-m\libgcc.a(_divsi3.o)
 .debug_frame   0x00001394       0x20 d:/ac6/plugins/fr.ac6.mcu.externaltools.arm-none.win32_1.17.0.201812190825/tools/compiler/bin/../lib/gcc/arm-none-eabi/7.3.1/../../../../arm-none-eabi/lib/thumb/v6-m\libc.a(lib_a-errno.o)
 .debug_frame   0x000013b4       0x68 d:/ac6/plugins/fr.ac6.mcu.externaltools.arm-none.win32_1.17.0.201812190825/tools/compiler/bin/../lib/gcc/arm-none-eabi/7.3.1/../../../../arm-none-eabi/lib/thumb/v6-m\libc.a(lib_a-fflush.o)
 .debug_frame   0x0000141c      0x170 d:/ac6/plugins/fr.ac6.mcu.externaltools.arm-none.win32_1.17.0.201812190825/tools/compiler/bin/../lib/gcc/arm-none-eabi/7.3.1/../../../../arm-none-eabi/lib/thumb/v6-m\libc.a(lib_a-findfp.o)
 .debug_frame   0x0000158c       0x58 d:/ac6/plugins/fr.ac6.mcu.externaltools.arm-none.win32_1.17.0.201812190825/tools/compiler/bin/../lib/gcc/arm-none-eabi/7.3.1/../../../../arm-none-eabi/lib/thumb/v6-m\libc.a(lib_a-freer.o)
 .debug_frame   0x000015e4       0x5c d:/ac6/plugins/fr.ac6.mcu.externaltools.arm-none.win32_1.17.0.201812190825/tools/compiler/bin/../lib/gcc/arm-none-eabi/7.3.1/../../../../arm-none-eabi/lib/thumb/v6-m\libc.a(lib_a-fwalk.o)
 .debug_frame   0x00001640       0x2c d:/ac6/plugins/fr.ac6.mcu.externaltools.arm-none.win32_1.17.0.201812190825/tools/compiler/bin/../lib/gcc/arm-none-eabi/7.3.1/../../../../arm-none-eabi/lib/thumb/v6-m\libc.a(lib_a-init.o)
 .debug_frame   0x0000166c       0xb0 d:/ac6/plugins/fr.ac6.mcu.externaltools.arm-none.win32_1.17.0.201812190825/tools/compiler/bin/../lib/gcc/arm-none-eabi/7.3.1/../../../../arm-none-eabi/lib/thumb/v6-m\libc.a(lib_a-lock.o)
 .debug_frame   0x0000171c       0x3c d:/ac6/plugins/fr.ac6.mcu.externaltools.arm-none.win32_1.17.0.201812190825/tools/compiler/bin/../lib/gcc/arm-none-eabi/7.3.1/../../../../arm-none-eabi/lib/thumb/v6-m\libc.a(lib_a-mallocr.o)
 .debug_frame   0x00001758       0x2c d:/ac6/plugins/fr.ac6.mcu.externaltools.arm-none.win32_1.17.0.201812190825/tools/compiler/bin/../lib/gcc/arm-none-eabi/7.3.1/../../../../arm-none-eabi/lib/thumb/v6-m\libc.a(lib_a-memchr-stub.o)
 .debug_frame   0x00001784       0x30 d:/ac6/plugins/fr.ac6.mcu.externaltools.arm-none.win32_1.17.0.201812190825/tools/compiler/bin/../lib/gcc/arm-none-eabi/7.3.1/../../../../arm-none-eabi/lib/thumb/v6-m\libc.a(lib_a-memcpy-stub.o)
 .debug_frame   0x000017b4       0x30 d:/ac6/plugins/fr.ac6.mcu.externaltools.arm-none.win32_1.17.0.201812190825/tools/compiler/bin/../lib/gcc/arm-none-eabi/7.3.1/../../../../arm-none-eabi/lib/thumb/v6-m\libc.a(lib_a-memset.o)
 .debug_frame   0x000017e4       0x40 d:/ac6/plugins/fr.ac6.mcu.externaltools.arm-none.win32_1.17.0.201812190825/tools/compiler/bin/../lib/gcc/arm-none-eabi/7.3.1/../../../../arm-none-eabi/lib/thumb/v6-m\libc.a(lib_a-mlock.o)
 .debug_frame   0x00001824       0x48 d:/ac6/plugins/fr.ac6.mcu.externaltools.arm-none.win32_1.17.0.201812190825/tools/compiler/bin/../lib/gcc/arm-none-eabi/7.3.1/../../../../arm-none-eabi/lib/thumb/v6-m\libc.a(lib_a-printf.o)
 .debug_frame   0x0000186c       0x2c d:/ac6/plugins/fr.ac6.mcu.externaltools.arm-none.win32_1.17.0.201812190825/tools/compiler/bin/../lib/gcc/arm-none-eabi/7.3.1/../../../../arm-none-eabi/lib/thumb/v6-m\libc.a(lib_a-sbrkr.o)
 .debug_frame   0x00001898       0x90 d:/ac6/plugins/fr.ac6.mcu.externaltools.arm-none.win32_1.17.0.201812190825/tools/compiler/bin/../lib/gcc/arm-none-eabi/7.3.1/../../../../arm-none-eabi/lib/thumb/v6-m\libc.a(lib_a-stdio.o)
 .debug_frame   0x00001928       0x28 d:/ac6/plugins/fr.ac6.mcu.externaltools.arm-none.win32_1.17.0.201812190825/tools/compiler/bin/../lib/gcc/arm-none-eabi/7.3.1/../../../../arm-none-eabi/lib/thumb/v6-m\libc.a(lib_a-strlen-stub.o)
 .debug_frame   0x00001950       0x3c d:/ac6/plugins/fr.ac6.mcu.externaltools.arm-none.win32_1.17.0.201812190825/tools/compiler/bin/../lib/gcc/arm-none-eabi/7.3.1/../../../../arm-none-eabi/lib/thumb/v6-m\libc.a(lib_a-svfprintf.o)
 .debug_frame   0x0000198c       0x78 d:/ac6/plugins/fr.ac6.mcu.externaltools.arm-none.win32_1.17.0.201812190825/tools/compiler/bin/../lib/gcc/arm-none-eabi/7.3.1/../../../../arm-none-eabi/lib/thumb/v6-m\libc.a(lib_a-vfprintf.o)
 .debug_frame   0x00001a04       0x48 d:/ac6/plugins/fr.ac6.mcu.externaltools.arm-none.win32_1.17.0.201812190825/tools/compiler/bin/../lib/gcc/arm-none-eabi/7.3.1/../../../../arm-none-eabi/lib/thumb/v6-m\libc.a(lib_a-vsnprintf.o)
 .debug_frame   0x00001a4c       0x2c d:/ac6/plugins/fr.ac6.mcu.externaltools.arm-none.win32_1.17.0.201812190825/tools/compiler/bin/../lib/gcc/arm-none-eabi/7.3.1/../../../../arm-none-eabi/lib/thumb/v6-m\libc.a(lib_a-writer.o)
 .debug_frame   0x00001a78       0x2c d:/ac6/plugins/fr.ac6.mcu.externaltools.arm-none.win32_1.17.0.201812190825/tools/compiler/bin/../lib/gcc/arm-none-eabi/7.3.1/../../../../arm-none-eabi/lib/thumb/v6-m\libc.a(lib_a-wsetup.o)
 .debug_frame   0x00001aa4       0x54 d:/ac6/plugins/fr.ac6.mcu.externaltools.arm-none.win32_1.17.0.201812190825/tools/compiler/bin/../lib/gcc/arm-none-eabi/7.3.1/../../../../arm-none-eabi/lib/thumb/v6-m\libc.a(lib_a-__call_atexit.o)
 .debug_frame   0x00001af8       0x28 d:/ac6/plugins/fr.ac6.mcu.externaltools.arm-none.win32_1.17.0.201812190825/tools/compiler/bin/../lib/gcc/arm-none-eabi/7.3.1/../../../../arm-none-eabi/lib/thumb/v6-m\libc.a(lib_a-atexit.o)
 .debug_frame   0x00001b20       0x2c d:/ac6/plugins/fr.ac6.mcu.externaltools.arm-none.win32_1.17.0.201812190825/tools/compiler/bin/../lib/gcc/arm-none-eabi/7.3.1/../../../../arm-none-eabi/lib/thumb/v6-m\libc.a(lib_a-closer.o)
 .debug_frame   0x00001b4c       0x68 d:/ac6/plugins/fr.ac6.mcu.externaltools.arm-none.win32_1.17.0.201812190825/tools/compiler/bin/../lib/gcc/arm-none-eabi/7.3.1/../../../../arm-none-eabi/lib/thumb/v6-m\libc.a(lib_a-dtoa.o)
 .debug_frame   0x00001bb4       0x44 d:/ac6/plugins/fr.ac6.mcu.externaltools.arm-none.win32_1.17.0.201812190825/tools/compiler/bin/../lib/gcc/arm-none-eabi/7.3.1/../../../../arm-none-eabi/lib/thumb/v6-m\libc.a(lib_a-fclose.o)
 .debug_frame   0x00001bf8       0x2c d:/ac6/plugins/fr.ac6.mcu.externaltools.arm-none.win32_1.17.0.201812190825/tools/compiler/bin/../lib/gcc/arm-none-eabi/7.3.1/../../../../arm-none-eabi/lib/thumb/v6-m\libc.a(lib_a-fini.o)
 .debug_frame   0x00001c24       0x40 d:/ac6/plugins/fr.ac6.mcu.externaltools.arm-none.win32_1.17.0.201812190825/tools/compiler/bin/../lib/gcc/arm-none-eabi/7.3.1/../../../../arm-none-eabi/lib/thumb/v6-m\libc.a(lib_a-localeconv.o)
 .debug_frame   0x00001c64       0x2c d:/ac6/plugins/fr.ac6.mcu.externaltools.arm-none.win32_1.17.0.201812190825/tools/compiler/bin/../lib/gcc/arm-none-eabi/7.3.1/../../../../arm-none-eabi/lib/thumb/v6-m\libc.a(lib_a-lseekr.o)
 .debug_frame   0x00001c90       0x50 d:/ac6/plugins/fr.ac6.mcu.externaltools.arm-none.win32_1.17.0.201812190825/tools/compiler/bin/../lib/gcc/arm-none-eabi/7.3.1/../../../../arm-none-eabi/lib/thumb/v6-m\libc.a(lib_a-makebuf.o)
 .debug_frame   0x00001ce0       0x40 d:/ac6/plugins/fr.ac6.mcu.externaltools.arm-none.win32_1.17.0.201812190825/tools/compiler/bin/../lib/gcc/arm-none-eabi/7.3.1/../../../../arm-none-eabi/lib/thumb/v6-m\libc.a(lib_a-malloc.o)
 .debug_frame   0x00001d20      0x260 d:/ac6/plugins/fr.ac6.mcu.externaltools.arm-none.win32_1.17.0.201812190825/tools/compiler/bin/../lib/gcc/arm-none-eabi/7.3.1/../../../../arm-none-eabi/lib/thumb/v6-m\libc.a(lib_a-mprec.o)
 .debug_frame   0x00001f80       0x2c d:/ac6/plugins/fr.ac6.mcu.externaltools.arm-none.win32_1.17.0.201812190825/tools/compiler/bin/../lib/gcc/arm-none-eabi/7.3.1/../../../../arm-none-eabi/lib/thumb/v6-m\libc.a(lib_a-readr.o)
 .debug_frame   0x00001fac       0x48 d:/ac6/plugins/fr.ac6.mcu.externaltools.arm-none.win32_1.17.0.201812190825/tools/compiler/bin/../lib/gcc/arm-none-eabi/7.3.1/../../../../arm-none-eabi/lib/thumb/v6-m\libc.a(lib_a-reent.o)
 .debug_frame   0x00001ff4       0x2c d:/ac6/plugins/fr.ac6.mcu.externaltools.arm-none.win32_1.17.0.201812190825/tools/compiler/bin/../lib/gcc/arm-none-eabi/7.3.1/../../../../arm-none-eabi/lib/thumb/v6-m\libc.a(lib_a-s_frexp.o)
 .debug_frame   0x00002020       0x34 d:/ac6/plugins/fr.ac6.mcu.externaltools.arm-none.win32_1.17.0.201812190825/tools/compiler/bin/../lib/gcc/arm-none-eabi/7.3.1/../../../../arm-none-eabi/lib/thumb/v6-m\libc.a(lib_a-strncpy.o)
 .debug_frame   0x00002054       0x68 d:/ac6/plugins/fr.ac6.mcu.externaltools.arm-none.win32_1.17.0.201812190825/tools/compiler/bin/../lib/gcc/arm-none-eabi/7.3.1/../../../../arm-none-eabi/lib/thumb/v6-m\libc.a(lib_a-svfiprintf.o)
 .debug_frame   0x000020bc       0xbc d:/ac6/plugins/fr.ac6.mcu.externaltools.arm-none.win32_1.17.0.201812190825/tools/compiler/bin/../lib/gcc/arm-none-eabi/7.3.1/../../../../arm-none-eabi/lib/thumb/v6-m\libc.a(lib_a-vfiprintf.o)
 .debug_frame   0x00002178       0x48 d:/ac6/plugins/fr.ac6.mcu.externaltools.arm-none.win32_1.17.0.201812190825/tools/compiler/bin/../lib/gcc/arm-none-eabi/7.3.1/../../../../arm-none-eabi/lib/thumb/v6-m\libc.a(lib_a-wbuf.o)
 .debug_frame   0x000021c0       0x3c d:/ac6/plugins/fr.ac6.mcu.externaltools.arm-none.win32_1.17.0.201812190825/tools/compiler/bin/../lib/gcc/arm-none-eabi/7.3.1/../../../../arm-none-eabi/lib/thumb/v6-m\libc.a(lib_a-__atexit.o)
 .debug_frame   0x000021fc       0x28 d:/ac6/plugins/fr.ac6.mcu.externaltools.arm-none.win32_1.17.0.201812190825/tools/compiler/bin/../lib/gcc/arm-none-eabi/7.3.1/../../../../arm-none-eabi/lib/thumb/v6-m\libc.a(lib_a-callocr.o)
 .debug_frame   0x00002224       0x70 d:/ac6/plugins/fr.ac6.mcu.externaltools.arm-none.win32_1.17.0.201812190825/tools/compiler/bin/../lib/gcc/arm-none-eabi/7.3.1/../../../../arm-none-eabi/lib/thumb/v6-m\libc.a(lib_a-fputwc.o)
 .debug_frame   0x00002294       0x2c d:/ac6/plugins/fr.ac6.mcu.externaltools.arm-none.win32_1.17.0.201812190825/tools/compiler/bin/../lib/gcc/arm-none-eabi/7.3.1/../../../../arm-none-eabi/lib/thumb/v6-m\libc.a(lib_a-fstatr.o)
 .debug_frame   0x000022c0       0x3c d:/ac6/plugins/fr.ac6.mcu.externaltools.arm-none.win32_1.17.0.201812190825/tools/compiler/bin/../lib/gcc/arm-none-eabi/7.3.1/../../../../arm-none-eabi/lib/thumb/v6-m\libc.a(lib_a-fvwrite.o)
 .debug_frame   0x000022fc       0x2c d:/ac6/plugins/fr.ac6.mcu.externaltools.arm-none.win32_1.17.0.201812190825/tools/compiler/bin/../lib/gcc/arm-none-eabi/7.3.1/../../../../arm-none-eabi/lib/thumb/v6-m\libc.a(lib_a-isattyr.o)
 .debug_frame   0x00002328       0x74 d:/ac6/plugins/fr.ac6.mcu.externaltools.arm-none.win32_1.17.0.201812190825/tools/compiler/bin/../lib/gcc/arm-none-eabi/7.3.1/../../../../arm-none-eabi/lib/thumb/v6-m\libc.a(lib_a-locale.o)
 .debug_frame   0x0000239c       0x40 d:/ac6/plugins/fr.ac6.mcu.externaltools.arm-none.win32_1.17.0.201812190825/tools/compiler/bin/../lib/gcc/arm-none-eabi/7.3.1/../../../../arm-none-eabi/lib/thumb/v6-m\libc.a(lib_a-mbtowc_r.o)
 .debug_frame   0x000023dc       0x30 d:/ac6/plugins/fr.ac6.mcu.externaltools.arm-none.win32_1.17.0.201812190825/tools/compiler/bin/../lib/gcc/arm-none-eabi/7.3.1/../../../../arm-none-eabi/lib/thumb/v6-m\libc.a(lib_a-memmove.o)
 .debug_frame   0x0000240c       0x3c d:/ac6/plugins/fr.ac6.mcu.externaltools.arm-none.win32_1.17.0.201812190825/tools/compiler/bin/../lib/gcc/arm-none-eabi/7.3.1/../../../../arm-none-eabi/lib/thumb/v6-m\libc.a(lib_a-reallocr.o)
 .debug_frame   0x00002448       0x50 d:/ac6/plugins/fr.ac6.mcu.externaltools.arm-none.win32_1.17.0.201812190825/tools/compiler/bin/../lib/gcc/arm-none-eabi/7.3.1/../../../../arm-none-eabi/lib/thumb/v6-m\libc.a(lib_a-wcrtomb.o)
 .debug_frame   0x00002498       0x3c d:/ac6/plugins/fr.ac6.mcu.externaltools.arm-none.win32_1.17.0.201812190825/tools/compiler/bin/../lib/gcc/arm-none-eabi/7.3.1/../../../../arm-none-eabi/lib/thumb/v6-m\libc.a(lib_a-wctomb_r.o)